Archive member included to satisfy reference by file (symbol)

/Applications/ArmGNUToolchain/13.3.rel1/arm-none-eabi/bin/../lib/gcc/arm-none-eabi/13.3.1/../../../../arm-none-eabi/lib/thumb/v7e-m+fp/hard/libc_nano.a(libc_a-printf.o)
                              /var/folders/m_/xsbbxtv50nzck1gkgq3yl0sm0000gn/T//cc0Lm4V5.o (printf)
/Applications/ArmGNUToolchain/13.3.rel1/arm-none-eabi/bin/../lib/gcc/arm-none-eabi/13.3.1/../../../../arm-none-eabi/lib/thumb/v7e-m+fp/hard/libc_nano.a(libc_a-impure.o)
                              /Applications/ArmGNUToolchain/13.3.rel1/arm-none-eabi/bin/../lib/gcc/arm-none-eabi/13.3.1/../../../../arm-none-eabi/lib/thumb/v7e-m+fp/hard/libc_nano.a(libc_a-printf.o) (_impure_ptr)
/Applications/ArmGNUToolchain/13.3.rel1/arm-none-eabi/bin/../lib/gcc/arm-none-eabi/13.3.1/../../../../arm-none-eabi/lib/thumb/v7e-m+fp/hard/libc_nano.a(libc_a-nano-vfprintf.o)
                              /Applications/ArmGNUToolchain/13.3.rel1/arm-none-eabi/bin/../lib/gcc/arm-none-eabi/13.3.1/../../../../arm-none-eabi/lib/thumb/v7e-m+fp/hard/libc_nano.a(libc_a-printf.o) (_vfprintf_r)
/Applications/ArmGNUToolchain/13.3.rel1/arm-none-eabi/bin/../lib/gcc/arm-none-eabi/13.3.1/../../../../arm-none-eabi/lib/thumb/v7e-m+fp/hard/libc_nano.a(libc_a-nano-vfprintf_i.o)
                              /Applications/ArmGNUToolchain/13.3.rel1/arm-none-eabi/bin/../lib/gcc/arm-none-eabi/13.3.1/../../../../arm-none-eabi/lib/thumb/v7e-m+fp/hard/libc_nano.a(libc_a-nano-vfprintf.o) (_printf_i)
/Applications/ArmGNUToolchain/13.3.rel1/arm-none-eabi/bin/../lib/gcc/arm-none-eabi/13.3.1/../../../../arm-none-eabi/lib/thumb/v7e-m+fp/hard/libc_nano.a(libc_a-findfp.o)
                              /Applications/ArmGNUToolchain/13.3.rel1/arm-none-eabi/bin/../lib/gcc/arm-none-eabi/13.3.1/../../../../arm-none-eabi/lib/thumb/v7e-m+fp/hard/libc_nano.a(libc_a-nano-vfprintf.o) (__sinit)
/Applications/ArmGNUToolchain/13.3.rel1/arm-none-eabi/bin/../lib/gcc/arm-none-eabi/13.3.1/../../../../arm-none-eabi/lib/thumb/v7e-m+fp/hard/libc_nano.a(libc_a-wbuf.o)
                              /Applications/ArmGNUToolchain/13.3.rel1/arm-none-eabi/bin/../lib/gcc/arm-none-eabi/13.3.1/../../../../arm-none-eabi/lib/thumb/v7e-m+fp/hard/libc_nano.a(libc_a-nano-vfprintf.o) (__swbuf_r)
/Applications/ArmGNUToolchain/13.3.rel1/arm-none-eabi/bin/../lib/gcc/arm-none-eabi/13.3.1/../../../../arm-none-eabi/lib/thumb/v7e-m+fp/hard/libc_nano.a(libc_a-wsetup.o)
                              /Applications/ArmGNUToolchain/13.3.rel1/arm-none-eabi/bin/../lib/gcc/arm-none-eabi/13.3.1/../../../../arm-none-eabi/lib/thumb/v7e-m+fp/hard/libc_nano.a(libc_a-nano-vfprintf.o) (__swsetup_r)
/Applications/ArmGNUToolchain/13.3.rel1/arm-none-eabi/bin/../lib/gcc/arm-none-eabi/13.3.1/../../../../arm-none-eabi/lib/thumb/v7e-m+fp/hard/libc_nano.a(libc_a-fvwrite.o)
                              /Applications/ArmGNUToolchain/13.3.rel1/arm-none-eabi/bin/../lib/gcc/arm-none-eabi/13.3.1/../../../../arm-none-eabi/lib/thumb/v7e-m+fp/hard/libc_nano.a(libc_a-nano-vfprintf.o) (__sfvwrite_r)
/Applications/ArmGNUToolchain/13.3.rel1/arm-none-eabi/bin/../lib/gcc/arm-none-eabi/13.3.1/../../../../arm-none-eabi/lib/thumb/v7e-m+fp/hard/libc_nano.a(libc_a-fwalk.o)
                              /Applications/ArmGNUToolchain/13.3.rel1/arm-none-eabi/bin/../lib/gcc/arm-none-eabi/13.3.1/../../../../arm-none-eabi/lib/thumb/v7e-m+fp/hard/libc_nano.a(libc_a-findfp.o) (_fwalk_sglue)
/Applications/ArmGNUToolchain/13.3.rel1/arm-none-eabi/bin/../lib/gcc/arm-none-eabi/13.3.1/../../../../arm-none-eabi/lib/thumb/v7e-m+fp/hard/libc_nano.a(libc_a-makebuf.o)
                              /Applications/ArmGNUToolchain/13.3.rel1/arm-none-eabi/bin/../lib/gcc/arm-none-eabi/13.3.1/../../../../arm-none-eabi/lib/thumb/v7e-m+fp/hard/libc_nano.a(libc_a-wsetup.o) (__smakebuf_r)
/Applications/ArmGNUToolchain/13.3.rel1/arm-none-eabi/bin/../lib/gcc/arm-none-eabi/13.3.1/../../../../arm-none-eabi/lib/thumb/v7e-m+fp/hard/libc_nano.a(libc_a-memmove.o)
                              /Applications/ArmGNUToolchain/13.3.rel1/arm-none-eabi/bin/../lib/gcc/arm-none-eabi/13.3.1/../../../../arm-none-eabi/lib/thumb/v7e-m+fp/hard/libc_nano.a(libc_a-fvwrite.o) (memmove)
/Applications/ArmGNUToolchain/13.3.rel1/arm-none-eabi/bin/../lib/gcc/arm-none-eabi/13.3.1/../../../../arm-none-eabi/lib/thumb/v7e-m+fp/hard/libc_nano.a(libc_a-memset.o)
                              /Applications/ArmGNUToolchain/13.3.rel1/arm-none-eabi/bin/../lib/gcc/arm-none-eabi/13.3.1/../../../../arm-none-eabi/lib/thumb/v7e-m+fp/hard/libc_nano.a(libc_a-findfp.o) (memset)
/Applications/ArmGNUToolchain/13.3.rel1/arm-none-eabi/bin/../lib/gcc/arm-none-eabi/13.3.1/../../../../arm-none-eabi/lib/thumb/v7e-m+fp/hard/libc_nano.a(libc_a-isattyr.o)
                              /Applications/ArmGNUToolchain/13.3.rel1/arm-none-eabi/bin/../lib/gcc/arm-none-eabi/13.3.1/../../../../arm-none-eabi/lib/thumb/v7e-m+fp/hard/libc_nano.a(libc_a-makebuf.o) (_isatty_r)
/Applications/ArmGNUToolchain/13.3.rel1/arm-none-eabi/bin/../lib/gcc/arm-none-eabi/13.3.1/../../../../arm-none-eabi/lib/thumb/v7e-m+fp/hard/libc_nano.a(libc_a-lock.o)
                              /Applications/ArmGNUToolchain/13.3.rel1/arm-none-eabi/bin/../lib/gcc/arm-none-eabi/13.3.1/../../../../arm-none-eabi/lib/thumb/v7e-m+fp/hard/libc_nano.a(libc_a-findfp.o) (__retarget_lock_init_recursive)
/Applications/ArmGNUToolchain/13.3.rel1/arm-none-eabi/bin/../lib/gcc/arm-none-eabi/13.3.1/../../../../arm-none-eabi/lib/thumb/v7e-m+fp/hard/libc_nano.a(libc_a-reent.o)
                              /Applications/ArmGNUToolchain/13.3.rel1/arm-none-eabi/bin/../lib/gcc/arm-none-eabi/13.3.1/../../../../arm-none-eabi/lib/thumb/v7e-m+fp/hard/libc_nano.a(libc_a-isattyr.o) (errno)
/Applications/ArmGNUToolchain/13.3.rel1/arm-none-eabi/bin/../lib/gcc/arm-none-eabi/13.3.1/../../../../arm-none-eabi/lib/thumb/v7e-m+fp/hard/libc_nano.a(libc_a-fstatr.o)
                              /Applications/ArmGNUToolchain/13.3.rel1/arm-none-eabi/bin/../lib/gcc/arm-none-eabi/13.3.1/../../../../arm-none-eabi/lib/thumb/v7e-m+fp/hard/libc_nano.a(libc_a-makebuf.o) (_fstat_r)
/Applications/ArmGNUToolchain/13.3.rel1/arm-none-eabi/bin/../lib/gcc/arm-none-eabi/13.3.1/../../../../arm-none-eabi/lib/thumb/v7e-m+fp/hard/libc_nano.a(libc_a-memchr.o)
                              /Applications/ArmGNUToolchain/13.3.rel1/arm-none-eabi/bin/../lib/gcc/arm-none-eabi/13.3.1/../../../../arm-none-eabi/lib/thumb/v7e-m+fp/hard/libc_nano.a(libc_a-nano-vfprintf.o) (memchr)
/Applications/ArmGNUToolchain/13.3.rel1/arm-none-eabi/bin/../lib/gcc/arm-none-eabi/13.3.1/../../../../arm-none-eabi/lib/thumb/v7e-m+fp/hard/libc_nano.a(libc_a-memcpy-stub.o)
                              /Applications/ArmGNUToolchain/13.3.rel1/arm-none-eabi/bin/../lib/gcc/arm-none-eabi/13.3.1/../../../../arm-none-eabi/lib/thumb/v7e-m+fp/hard/libc_nano.a(libc_a-fvwrite.o) (memcpy)
/Applications/ArmGNUToolchain/13.3.rel1/arm-none-eabi/bin/../lib/gcc/arm-none-eabi/13.3.1/../../../../arm-none-eabi/lib/thumb/v7e-m+fp/hard/libc_nano.a(libc_a-freer.o)
                              /Applications/ArmGNUToolchain/13.3.rel1/arm-none-eabi/bin/../lib/gcc/arm-none-eabi/13.3.1/../../../../arm-none-eabi/lib/thumb/v7e-m+fp/hard/libc_nano.a(libc_a-wsetup.o) (_free_r)
/Applications/ArmGNUToolchain/13.3.rel1/arm-none-eabi/bin/../lib/gcc/arm-none-eabi/13.3.1/../../../../arm-none-eabi/lib/thumb/v7e-m+fp/hard/libc_nano.a(libc_a-mallocr.o)
                              /Applications/ArmGNUToolchain/13.3.rel1/arm-none-eabi/bin/../lib/gcc/arm-none-eabi/13.3.1/../../../../arm-none-eabi/lib/thumb/v7e-m+fp/hard/libc_nano.a(libc_a-findfp.o) (_malloc_r)
/Applications/ArmGNUToolchain/13.3.rel1/arm-none-eabi/bin/../lib/gcc/arm-none-eabi/13.3.1/../../../../arm-none-eabi/lib/thumb/v7e-m+fp/hard/libc_nano.a(libc_a-fflush.o)
                              /Applications/ArmGNUToolchain/13.3.rel1/arm-none-eabi/bin/../lib/gcc/arm-none-eabi/13.3.1/../../../../arm-none-eabi/lib/thumb/v7e-m+fp/hard/libc_nano.a(libc_a-findfp.o) (_fflush_r)
/Applications/ArmGNUToolchain/13.3.rel1/arm-none-eabi/bin/../lib/gcc/arm-none-eabi/13.3.1/../../../../arm-none-eabi/lib/thumb/v7e-m+fp/hard/libc_nano.a(libc_a-mlock.o)
                              /Applications/ArmGNUToolchain/13.3.rel1/arm-none-eabi/bin/../lib/gcc/arm-none-eabi/13.3.1/../../../../arm-none-eabi/lib/thumb/v7e-m+fp/hard/libc_nano.a(libc_a-freer.o) (__malloc_lock)
/Applications/ArmGNUToolchain/13.3.rel1/arm-none-eabi/bin/../lib/gcc/arm-none-eabi/13.3.1/../../../../arm-none-eabi/lib/thumb/v7e-m+fp/hard/libc_nano.a(libc_a-stdio.o)
                              /Applications/ArmGNUToolchain/13.3.rel1/arm-none-eabi/bin/../lib/gcc/arm-none-eabi/13.3.1/../../../../arm-none-eabi/lib/thumb/v7e-m+fp/hard/libc_nano.a(libc_a-findfp.o) (__sread)
/Applications/ArmGNUToolchain/13.3.rel1/arm-none-eabi/bin/../lib/gcc/arm-none-eabi/13.3.1/../../../../arm-none-eabi/lib/thumb/v7e-m+fp/hard/libc_nano.a(libc_a-reallocr.o)
                              /Applications/ArmGNUToolchain/13.3.rel1/arm-none-eabi/bin/../lib/gcc/arm-none-eabi/13.3.1/../../../../arm-none-eabi/lib/thumb/v7e-m+fp/hard/libc_nano.a(libc_a-fvwrite.o) (_realloc_r)
/Applications/ArmGNUToolchain/13.3.rel1/arm-none-eabi/bin/../lib/gcc/arm-none-eabi/13.3.1/../../../../arm-none-eabi/lib/thumb/v7e-m+fp/hard/libc_nano.a(libc_a-lseekr.o)
                              /Applications/ArmGNUToolchain/13.3.rel1/arm-none-eabi/bin/../lib/gcc/arm-none-eabi/13.3.1/../../../../arm-none-eabi/lib/thumb/v7e-m+fp/hard/libc_nano.a(libc_a-stdio.o) (_lseek_r)
/Applications/ArmGNUToolchain/13.3.rel1/arm-none-eabi/bin/../lib/gcc/arm-none-eabi/13.3.1/../../../../arm-none-eabi/lib/thumb/v7e-m+fp/hard/libc_nano.a(libc_a-readr.o)
                              /Applications/ArmGNUToolchain/13.3.rel1/arm-none-eabi/bin/../lib/gcc/arm-none-eabi/13.3.1/../../../../arm-none-eabi/lib/thumb/v7e-m+fp/hard/libc_nano.a(libc_a-stdio.o) (_read_r)
/Applications/ArmGNUToolchain/13.3.rel1/arm-none-eabi/bin/../lib/gcc/arm-none-eabi/13.3.1/../../../../arm-none-eabi/lib/thumb/v7e-m+fp/hard/libc_nano.a(libc_a-sbrkr.o)
                              /Applications/ArmGNUToolchain/13.3.rel1/arm-none-eabi/bin/../lib/gcc/arm-none-eabi/13.3.1/../../../../arm-none-eabi/lib/thumb/v7e-m+fp/hard/libc_nano.a(libc_a-mallocr.o) (_sbrk_r)
/Applications/ArmGNUToolchain/13.3.rel1/arm-none-eabi/bin/../lib/gcc/arm-none-eabi/13.3.1/../../../../arm-none-eabi/lib/thumb/v7e-m+fp/hard/libc_nano.a(libc_a-writer.o)
                              /Applications/ArmGNUToolchain/13.3.rel1/arm-none-eabi/bin/../lib/gcc/arm-none-eabi/13.3.1/../../../../arm-none-eabi/lib/thumb/v7e-m+fp/hard/libc_nano.a(libc_a-stdio.o) (_write_r)
/Applications/ArmGNUToolchain/13.3.rel1/arm-none-eabi/bin/../lib/gcc/arm-none-eabi/13.3.1/../../../../arm-none-eabi/lib/thumb/v7e-m+fp/hard/libc_nano.a(libc_a-closer.o)
                              /Applications/ArmGNUToolchain/13.3.rel1/arm-none-eabi/bin/../lib/gcc/arm-none-eabi/13.3.1/../../../../arm-none-eabi/lib/thumb/v7e-m+fp/hard/libc_nano.a(libc_a-stdio.o) (_close_r)
/Applications/ArmGNUToolchain/13.3.rel1/arm-none-eabi/bin/../lib/gcc/arm-none-eabi/13.3.1/../../../../arm-none-eabi/lib/thumb/v7e-m+fp/hard/libc_nano.a(libc_a-msizer.o)
                              /Applications/ArmGNUToolchain/13.3.rel1/arm-none-eabi/bin/../lib/gcc/arm-none-eabi/13.3.1/../../../../arm-none-eabi/lib/thumb/v7e-m+fp/hard/libc_nano.a(libc_a-reallocr.o) (_malloc_usable_size_r)

Discarded input sections

 .group         0x00000000        0xc /var/folders/m_/xsbbxtv50nzck1gkgq3yl0sm0000gn/T//cc0Lm4V5.o
 .group         0x00000000        0xc /var/folders/m_/xsbbxtv50nzck1gkgq3yl0sm0000gn/T//cc0Lm4V5.o
 .group         0x00000000        0xc /var/folders/m_/xsbbxtv50nzck1gkgq3yl0sm0000gn/T//cc0Lm4V5.o
 .group         0x00000000        0xc /var/folders/m_/xsbbxtv50nzck1gkgq3yl0sm0000gn/T//cc0Lm4V5.o
 .group         0x00000000        0xc /var/folders/m_/xsbbxtv50nzck1gkgq3yl0sm0000gn/T//cc0Lm4V5.o
 .group         0x00000000        0xc /var/folders/m_/xsbbxtv50nzck1gkgq3yl0sm0000gn/T//cc0Lm4V5.o
 .group         0x00000000        0xc /var/folders/m_/xsbbxtv50nzck1gkgq3yl0sm0000gn/T//cc0Lm4V5.o
 .group         0x00000000        0xc /var/folders/m_/xsbbxtv50nzck1gkgq3yl0sm0000gn/T//cc0Lm4V5.o
 .group         0x00000000        0xc /var/folders/m_/xsbbxtv50nzck1gkgq3yl0sm0000gn/T//cc0Lm4V5.o
 .group         0x00000000        0xc /var/folders/m_/xsbbxtv50nzck1gkgq3yl0sm0000gn/T//cc0Lm4V5.o
 .group         0x00000000        0xc /var/folders/m_/xsbbxtv50nzck1gkgq3yl0sm0000gn/T//cc0Lm4V5.o
 .group         0x00000000        0xc /var/folders/m_/xsbbxtv50nzck1gkgq3yl0sm0000gn/T//cc0Lm4V5.o
 .group         0x00000000        0xc /var/folders/m_/xsbbxtv50nzck1gkgq3yl0sm0000gn/T//cc0Lm4V5.o
 .group         0x00000000        0xc /var/folders/m_/xsbbxtv50nzck1gkgq3yl0sm0000gn/T//cc0Lm4V5.o
 .group         0x00000000        0xc /var/folders/m_/xsbbxtv50nzck1gkgq3yl0sm0000gn/T//cc0Lm4V5.o
 .group         0x00000000        0xc /var/folders/m_/xsbbxtv50nzck1gkgq3yl0sm0000gn/T//cc0Lm4V5.o
 .group         0x00000000        0xc /var/folders/m_/xsbbxtv50nzck1gkgq3yl0sm0000gn/T//cc0Lm4V5.o
 .group         0x00000000        0xc /var/folders/m_/xsbbxtv50nzck1gkgq3yl0sm0000gn/T//cc0Lm4V5.o
 .group         0x00000000        0xc /var/folders/m_/xsbbxtv50nzck1gkgq3yl0sm0000gn/T//cc0Lm4V5.o
 .group         0x00000000        0xc /var/folders/m_/xsbbxtv50nzck1gkgq3yl0sm0000gn/T//cc0Lm4V5.o
 .group         0x00000000        0xc /var/folders/m_/xsbbxtv50nzck1gkgq3yl0sm0000gn/T//cc0Lm4V5.o
 .group         0x00000000        0xc /var/folders/m_/xsbbxtv50nzck1gkgq3yl0sm0000gn/T//cc0Lm4V5.o
 .group         0x00000000        0xc /var/folders/m_/xsbbxtv50nzck1gkgq3yl0sm0000gn/T//cc0Lm4V5.o
 .group         0x00000000        0xc /var/folders/m_/xsbbxtv50nzck1gkgq3yl0sm0000gn/T//cc0Lm4V5.o
 .group         0x00000000        0xc /var/folders/m_/xsbbxtv50nzck1gkgq3yl0sm0000gn/T//cc0Lm4V5.o
 .group         0x00000000        0xc /var/folders/m_/xsbbxtv50nzck1gkgq3yl0sm0000gn/T//cc0Lm4V5.o
 .group         0x00000000        0xc /var/folders/m_/xsbbxtv50nzck1gkgq3yl0sm0000gn/T//cc0Lm4V5.o
 .group         0x00000000        0xc /var/folders/m_/xsbbxtv50nzck1gkgq3yl0sm0000gn/T//cc0Lm4V5.o
 .group         0x00000000        0xc /var/folders/m_/xsbbxtv50nzck1gkgq3yl0sm0000gn/T//cc0Lm4V5.o
 .group         0x00000000        0xc /var/folders/m_/xsbbxtv50nzck1gkgq3yl0sm0000gn/T//cc0Lm4V5.o
 .group         0x00000000        0xc /var/folders/m_/xsbbxtv50nzck1gkgq3yl0sm0000gn/T//cc0Lm4V5.o
 .group         0x00000000        0xc /var/folders/m_/xsbbxtv50nzck1gkgq3yl0sm0000gn/T//cc0Lm4V5.o
 .group         0x00000000        0xc /var/folders/m_/xsbbxtv50nzck1gkgq3yl0sm0000gn/T//cc0Lm4V5.o
 .group         0x00000000        0xc /var/folders/m_/xsbbxtv50nzck1gkgq3yl0sm0000gn/T//cc0Lm4V5.o
 .group         0x00000000        0xc /var/folders/m_/xsbbxtv50nzck1gkgq3yl0sm0000gn/T//cc0Lm4V5.o
 .group         0x00000000        0xc /var/folders/m_/xsbbxtv50nzck1gkgq3yl0sm0000gn/T//cc0Lm4V5.o
 .group         0x00000000        0xc /var/folders/m_/xsbbxtv50nzck1gkgq3yl0sm0000gn/T//cc0Lm4V5.o
 .group         0x00000000        0xc /var/folders/m_/xsbbxtv50nzck1gkgq3yl0sm0000gn/T//cc0Lm4V5.o
 .group         0x00000000        0xc /var/folders/m_/xsbbxtv50nzck1gkgq3yl0sm0000gn/T//cc0Lm4V5.o
 .group         0x00000000        0xc /var/folders/m_/xsbbxtv50nzck1gkgq3yl0sm0000gn/T//cc0Lm4V5.o
 .group         0x00000000        0xc /var/folders/m_/xsbbxtv50nzck1gkgq3yl0sm0000gn/T//cc0Lm4V5.o
 .group         0x00000000        0xc /var/folders/m_/xsbbxtv50nzck1gkgq3yl0sm0000gn/T//cc0Lm4V5.o
 .group         0x00000000        0xc /var/folders/m_/xsbbxtv50nzck1gkgq3yl0sm0000gn/T//cc0Lm4V5.o
 .group         0x00000000        0xc /var/folders/m_/xsbbxtv50nzck1gkgq3yl0sm0000gn/T//cc0Lm4V5.o
 .group         0x00000000        0xc /var/folders/m_/xsbbxtv50nzck1gkgq3yl0sm0000gn/T//cc0Lm4V5.o
 .group         0x00000000        0xc /var/folders/m_/xsbbxtv50nzck1gkgq3yl0sm0000gn/T//cc0Lm4V5.o
 .group         0x00000000        0xc /var/folders/m_/xsbbxtv50nzck1gkgq3yl0sm0000gn/T//cc0Lm4V5.o
 .group         0x00000000        0xc /var/folders/m_/xsbbxtv50nzck1gkgq3yl0sm0000gn/T//cc0Lm4V5.o
 .group         0x00000000        0xc /var/folders/m_/xsbbxtv50nzck1gkgq3yl0sm0000gn/T//cc0Lm4V5.o
 .text          0x00000000        0x0 /var/folders/m_/xsbbxtv50nzck1gkgq3yl0sm0000gn/T//cc0Lm4V5.o
 .data          0x00000000        0x0 /var/folders/m_/xsbbxtv50nzck1gkgq3yl0sm0000gn/T//cc0Lm4V5.o
 .bss           0x00000000        0x0 /var/folders/m_/xsbbxtv50nzck1gkgq3yl0sm0000gn/T//cc0Lm4V5.o
 .group         0x00000000        0xc /var/folders/m_/xsbbxtv50nzck1gkgq3yl0sm0000gn/T//ccHu2qpQ.o
 .text          0x00000000        0x0 /var/folders/m_/xsbbxtv50nzck1gkgq3yl0sm0000gn/T//ccHu2qpQ.o
 .data          0x00000000        0x0 /var/folders/m_/xsbbxtv50nzck1gkgq3yl0sm0000gn/T//ccHu2qpQ.o
 .bss           0x00000000        0x0 /var/folders/m_/xsbbxtv50nzck1gkgq3yl0sm0000gn/T//ccHu2qpQ.o
 .debug_macro   0x00000000      0xacc /var/folders/m_/xsbbxtv50nzck1gkgq3yl0sm0000gn/T//ccHu2qpQ.o
 .group         0x00000000        0xc /var/folders/m_/xsbbxtv50nzck1gkgq3yl0sm0000gn/T//cc88sW84.o
 .group         0x00000000        0xc /var/folders/m_/xsbbxtv50nzck1gkgq3yl0sm0000gn/T//cc88sW84.o
 .group         0x00000000        0xc /var/folders/m_/xsbbxtv50nzck1gkgq3yl0sm0000gn/T//cc88sW84.o
 .group         0x00000000        0xc /var/folders/m_/xsbbxtv50nzck1gkgq3yl0sm0000gn/T//cc88sW84.o
 .group         0x00000000        0xc /var/folders/m_/xsbbxtv50nzck1gkgq3yl0sm0000gn/T//cc88sW84.o
 .group         0x00000000        0xc /var/folders/m_/xsbbxtv50nzck1gkgq3yl0sm0000gn/T//cc88sW84.o
 .group         0x00000000        0xc /var/folders/m_/xsbbxtv50nzck1gkgq3yl0sm0000gn/T//cc88sW84.o
 .group         0x00000000        0xc /var/folders/m_/xsbbxtv50nzck1gkgq3yl0sm0000gn/T//cc88sW84.o
 .group         0x00000000        0xc /var/folders/m_/xsbbxtv50nzck1gkgq3yl0sm0000gn/T//cc88sW84.o
 .group         0x00000000        0xc /var/folders/m_/xsbbxtv50nzck1gkgq3yl0sm0000gn/T//cc88sW84.o
 .group         0x00000000        0xc /var/folders/m_/xsbbxtv50nzck1gkgq3yl0sm0000gn/T//cc88sW84.o
 .group         0x00000000        0xc /var/folders/m_/xsbbxtv50nzck1gkgq3yl0sm0000gn/T//cc88sW84.o
 .group         0x00000000        0xc /var/folders/m_/xsbbxtv50nzck1gkgq3yl0sm0000gn/T//cc88sW84.o
 .group         0x00000000        0xc /var/folders/m_/xsbbxtv50nzck1gkgq3yl0sm0000gn/T//cc88sW84.o
 .group         0x00000000        0xc /var/folders/m_/xsbbxtv50nzck1gkgq3yl0sm0000gn/T//cc88sW84.o
 .group         0x00000000        0xc /var/folders/m_/xsbbxtv50nzck1gkgq3yl0sm0000gn/T//cc88sW84.o
 .group         0x00000000        0xc /var/folders/m_/xsbbxtv50nzck1gkgq3yl0sm0000gn/T//cc88sW84.o
 .group         0x00000000        0xc /var/folders/m_/xsbbxtv50nzck1gkgq3yl0sm0000gn/T//cc88sW84.o
 .group         0x00000000        0xc /var/folders/m_/xsbbxtv50nzck1gkgq3yl0sm0000gn/T//cc88sW84.o
 .group         0x00000000        0xc /var/folders/m_/xsbbxtv50nzck1gkgq3yl0sm0000gn/T//cc88sW84.o
 .group         0x00000000        0xc /var/folders/m_/xsbbxtv50nzck1gkgq3yl0sm0000gn/T//cc88sW84.o
 .group         0x00000000        0xc /var/folders/m_/xsbbxtv50nzck1gkgq3yl0sm0000gn/T//cc88sW84.o
 .group         0x00000000        0xc /var/folders/m_/xsbbxtv50nzck1gkgq3yl0sm0000gn/T//cc88sW84.o
 .group         0x00000000        0xc /var/folders/m_/xsbbxtv50nzck1gkgq3yl0sm0000gn/T//cc88sW84.o
 .group         0x00000000        0xc /var/folders/m_/xsbbxtv50nzck1gkgq3yl0sm0000gn/T//cc88sW84.o
 .group         0x00000000        0xc /var/folders/m_/xsbbxtv50nzck1gkgq3yl0sm0000gn/T//cc88sW84.o
 .group         0x00000000        0xc /var/folders/m_/xsbbxtv50nzck1gkgq3yl0sm0000gn/T//cc88sW84.o
 .group         0x00000000        0xc /var/folders/m_/xsbbxtv50nzck1gkgq3yl0sm0000gn/T//cc88sW84.o
 .group         0x00000000        0xc /var/folders/m_/xsbbxtv50nzck1gkgq3yl0sm0000gn/T//cc88sW84.o
 .group         0x00000000        0xc /var/folders/m_/xsbbxtv50nzck1gkgq3yl0sm0000gn/T//cc88sW84.o
 .group         0x00000000        0xc /var/folders/m_/xsbbxtv50nzck1gkgq3yl0sm0000gn/T//cc88sW84.o
 .group         0x00000000        0xc /var/folders/m_/xsbbxtv50nzck1gkgq3yl0sm0000gn/T//cc88sW84.o
 .group         0x00000000        0xc /var/folders/m_/xsbbxtv50nzck1gkgq3yl0sm0000gn/T//cc88sW84.o
 .group         0x00000000        0xc /var/folders/m_/xsbbxtv50nzck1gkgq3yl0sm0000gn/T//cc88sW84.o
 .group         0x00000000        0xc /var/folders/m_/xsbbxtv50nzck1gkgq3yl0sm0000gn/T//cc88sW84.o
 .group         0x00000000        0xc /var/folders/m_/xsbbxtv50nzck1gkgq3yl0sm0000gn/T//cc88sW84.o
 .group         0x00000000        0xc /var/folders/m_/xsbbxtv50nzck1gkgq3yl0sm0000gn/T//cc88sW84.o
 .group         0x00000000        0xc /var/folders/m_/xsbbxtv50nzck1gkgq3yl0sm0000gn/T//cc88sW84.o
 .group         0x00000000        0xc /var/folders/m_/xsbbxtv50nzck1gkgq3yl0sm0000gn/T//cc88sW84.o
 .group         0x00000000        0xc /var/folders/m_/xsbbxtv50nzck1gkgq3yl0sm0000gn/T//cc88sW84.o
 .group         0x00000000        0xc /var/folders/m_/xsbbxtv50nzck1gkgq3yl0sm0000gn/T//cc88sW84.o
 .group         0x00000000        0xc /var/folders/m_/xsbbxtv50nzck1gkgq3yl0sm0000gn/T//cc88sW84.o
 .group         0x00000000        0xc /var/folders/m_/xsbbxtv50nzck1gkgq3yl0sm0000gn/T//cc88sW84.o
 .group         0x00000000        0xc /var/folders/m_/xsbbxtv50nzck1gkgq3yl0sm0000gn/T//cc88sW84.o
 .group         0x00000000        0xc /var/folders/m_/xsbbxtv50nzck1gkgq3yl0sm0000gn/T//cc88sW84.o
 .group         0x00000000        0xc /var/folders/m_/xsbbxtv50nzck1gkgq3yl0sm0000gn/T//cc88sW84.o
 .group         0x00000000        0xc /var/folders/m_/xsbbxtv50nzck1gkgq3yl0sm0000gn/T//cc88sW84.o
 .text          0x00000000        0x0 /var/folders/m_/xsbbxtv50nzck1gkgq3yl0sm0000gn/T//cc88sW84.o
 .data          0x00000000        0x0 /var/folders/m_/xsbbxtv50nzck1gkgq3yl0sm0000gn/T//cc88sW84.o
 .bss           0x00000000        0x0 /var/folders/m_/xsbbxtv50nzck1gkgq3yl0sm0000gn/T//cc88sW84.o
 .text._open    0x00000000        0x6 /var/folders/m_/xsbbxtv50nzck1gkgq3yl0sm0000gn/T//cc88sW84.o
 .text._exit    0x00000000        0x4 /var/folders/m_/xsbbxtv50nzck1gkgq3yl0sm0000gn/T//cc88sW84.o
 .text._kill    0x00000000        0x2 /var/folders/m_/xsbbxtv50nzck1gkgq3yl0sm0000gn/T//cc88sW84.o
 .text._getpid  0x00000000        0x6 /var/folders/m_/xsbbxtv50nzck1gkgq3yl0sm0000gn/T//cc88sW84.o
 .text._link    0x00000000        0x6 /var/folders/m_/xsbbxtv50nzck1gkgq3yl0sm0000gn/T//cc88sW84.o
 .text._unlink  0x00000000        0x6 /var/folders/m_/xsbbxtv50nzck1gkgq3yl0sm0000gn/T//cc88sW84.o
 .text._stat    0x00000000        0x6 /var/folders/m_/xsbbxtv50nzck1gkgq3yl0sm0000gn/T//cc88sW84.o
 .text.mkdir    0x00000000        0x6 /var/folders/m_/xsbbxtv50nzck1gkgq3yl0sm0000gn/T//cc88sW84.o
 .debug_macro   0x00000000      0xacc /var/folders/m_/xsbbxtv50nzck1gkgq3yl0sm0000gn/T//cc88sW84.o
 .debug_macro   0x00000000       0x22 /var/folders/m_/xsbbxtv50nzck1gkgq3yl0sm0000gn/T//cc88sW84.o
 .debug_macro   0x00000000       0x5b /var/folders/m_/xsbbxtv50nzck1gkgq3yl0sm0000gn/T//cc88sW84.o
 .debug_macro   0x00000000       0x2a /var/folders/m_/xsbbxtv50nzck1gkgq3yl0sm0000gn/T//cc88sW84.o
 .debug_macro   0x00000000       0x94 /var/folders/m_/xsbbxtv50nzck1gkgq3yl0sm0000gn/T//cc88sW84.o
 .debug_macro   0x00000000       0x43 /var/folders/m_/xsbbxtv50nzck1gkgq3yl0sm0000gn/T//cc88sW84.o
 .debug_macro   0x00000000       0x57 /var/folders/m_/xsbbxtv50nzck1gkgq3yl0sm0000gn/T//cc88sW84.o
 .debug_macro   0x00000000      0x370 /var/folders/m_/xsbbxtv50nzck1gkgq3yl0sm0000gn/T//cc88sW84.o
 .debug_macro   0x00000000       0x16 /var/folders/m_/xsbbxtv50nzck1gkgq3yl0sm0000gn/T//cc88sW84.o
 .debug_macro   0x00000000       0x4a /var/folders/m_/xsbbxtv50nzck1gkgq3yl0sm0000gn/T//cc88sW84.o
 .debug_macro   0x00000000       0x34 /var/folders/m_/xsbbxtv50nzck1gkgq3yl0sm0000gn/T//cc88sW84.o
 .debug_macro   0x00000000       0x10 /var/folders/m_/xsbbxtv50nzck1gkgq3yl0sm0000gn/T//cc88sW84.o
 .debug_macro   0x00000000       0x58 /var/folders/m_/xsbbxtv50nzck1gkgq3yl0sm0000gn/T//cc88sW84.o
 .debug_macro   0x00000000       0x8e /var/folders/m_/xsbbxtv50nzck1gkgq3yl0sm0000gn/T//cc88sW84.o
 .debug_macro   0x00000000       0x1c /var/folders/m_/xsbbxtv50nzck1gkgq3yl0sm0000gn/T//cc88sW84.o
 .debug_macro   0x00000000      0x185 /var/folders/m_/xsbbxtv50nzck1gkgq3yl0sm0000gn/T//cc88sW84.o
 .debug_macro   0x00000000       0x3c /var/folders/m_/xsbbxtv50nzck1gkgq3yl0sm0000gn/T//cc88sW84.o
 .debug_macro   0x00000000       0x10 /var/folders/m_/xsbbxtv50nzck1gkgq3yl0sm0000gn/T//cc88sW84.o
 .debug_macro   0x00000000       0x10 /var/folders/m_/xsbbxtv50nzck1gkgq3yl0sm0000gn/T//cc88sW84.o
 .debug_macro   0x00000000       0x10 /var/folders/m_/xsbbxtv50nzck1gkgq3yl0sm0000gn/T//cc88sW84.o
 .debug_macro   0x00000000       0x6a /var/folders/m_/xsbbxtv50nzck1gkgq3yl0sm0000gn/T//cc88sW84.o
 .debug_macro   0x00000000       0x1c /var/folders/m_/xsbbxtv50nzck1gkgq3yl0sm0000gn/T//cc88sW84.o
 .debug_macro   0x00000000       0x52 /var/folders/m_/xsbbxtv50nzck1gkgq3yl0sm0000gn/T//cc88sW84.o
 .debug_macro   0x00000000       0x22 /var/folders/m_/xsbbxtv50nzck1gkgq3yl0sm0000gn/T//cc88sW84.o
 .debug_macro   0x00000000       0x10 /var/folders/m_/xsbbxtv50nzck1gkgq3yl0sm0000gn/T//cc88sW84.o
 .debug_macro   0x00000000       0x52 /var/folders/m_/xsbbxtv50nzck1gkgq3yl0sm0000gn/T//cc88sW84.o
 .debug_macro   0x00000000       0x1c /var/folders/m_/xsbbxtv50nzck1gkgq3yl0sm0000gn/T//cc88sW84.o
 .debug_macro   0x00000000       0x3d /var/folders/m_/xsbbxtv50nzck1gkgq3yl0sm0000gn/T//cc88sW84.o
 .debug_macro   0x00000000       0x35 /var/folders/m_/xsbbxtv50nzck1gkgq3yl0sm0000gn/T//cc88sW84.o
 .debug_macro   0x00000000      0x12c /var/folders/m_/xsbbxtv50nzck1gkgq3yl0sm0000gn/T//cc88sW84.o
 .debug_macro   0x00000000      0x103 /var/folders/m_/xsbbxtv50nzck1gkgq3yl0sm0000gn/T//cc88sW84.o
 .debug_macro   0x00000000      0x460 /var/folders/m_/xsbbxtv50nzck1gkgq3yl0sm0000gn/T//cc88sW84.o
 .debug_macro   0x00000000       0x22 /var/folders/m_/xsbbxtv50nzck1gkgq3yl0sm0000gn/T//cc88sW84.o
 .debug_macro   0x00000000       0x1c /var/folders/m_/xsbbxtv50nzck1gkgq3yl0sm0000gn/T//cc88sW84.o
 .debug_macro   0x00000000       0x10 /var/folders/m_/xsbbxtv50nzck1gkgq3yl0sm0000gn/T//cc88sW84.o
 .debug_macro   0x00000000       0x16 /var/folders/m_/xsbbxtv50nzck1gkgq3yl0sm0000gn/T//cc88sW84.o
 .debug_macro   0x00000000      0x146 /var/folders/m_/xsbbxtv50nzck1gkgq3yl0sm0000gn/T//cc88sW84.o
 .debug_macro   0x00000000       0x16 /var/folders/m_/xsbbxtv50nzck1gkgq3yl0sm0000gn/T//cc88sW84.o
 .debug_macro   0x00000000       0x16 /var/folders/m_/xsbbxtv50nzck1gkgq3yl0sm0000gn/T//cc88sW84.o
 .debug_macro   0x00000000       0x29 /var/folders/m_/xsbbxtv50nzck1gkgq3yl0sm0000gn/T//cc88sW84.o
 .debug_macro   0x00000000       0x46 /var/folders/m_/xsbbxtv50nzck1gkgq3yl0sm0000gn/T//cc88sW84.o
 .text          0x00000000        0x0 /Applications/ArmGNUToolchain/13.3.rel1/arm-none-eabi/bin/../lib/gcc/arm-none-eabi/13.3.1/../../../../arm-none-eabi/lib/thumb/v7e-m+fp/hard/libc_nano.a(libc_a-printf.o)
 .data          0x00000000        0x0 /Applications/ArmGNUToolchain/13.3.rel1/arm-none-eabi/bin/../lib/gcc/arm-none-eabi/13.3.1/../../../../arm-none-eabi/lib/thumb/v7e-m+fp/hard/libc_nano.a(libc_a-printf.o)
 .bss           0x00000000        0x0 /Applications/ArmGNUToolchain/13.3.rel1/arm-none-eabi/bin/../lib/gcc/arm-none-eabi/13.3.1/../../../../arm-none-eabi/lib/thumb/v7e-m+fp/hard/libc_nano.a(libc_a-printf.o)
 .text._printf_r
                0x00000000       0x1c /Applications/ArmGNUToolchain/13.3.rel1/arm-none-eabi/bin/../lib/gcc/arm-none-eabi/13.3.1/../../../../arm-none-eabi/lib/thumb/v7e-m+fp/hard/libc_nano.a(libc_a-printf.o)
 .text          0x00000000        0x0 /Applications/ArmGNUToolchain/13.3.rel1/arm-none-eabi/bin/../lib/gcc/arm-none-eabi/13.3.1/../../../../arm-none-eabi/lib/thumb/v7e-m+fp/hard/libc_nano.a(libc_a-impure.o)
 .data          0x00000000        0x0 /Applications/ArmGNUToolchain/13.3.rel1/arm-none-eabi/bin/../lib/gcc/arm-none-eabi/13.3.1/../../../../arm-none-eabi/lib/thumb/v7e-m+fp/hard/libc_nano.a(libc_a-impure.o)
 .bss           0x00000000        0x0 /Applications/ArmGNUToolchain/13.3.rel1/arm-none-eabi/bin/../lib/gcc/arm-none-eabi/13.3.1/../../../../arm-none-eabi/lib/thumb/v7e-m+fp/hard/libc_nano.a(libc_a-impure.o)
 .text          0x00000000        0x0 /Applications/ArmGNUToolchain/13.3.rel1/arm-none-eabi/bin/../lib/gcc/arm-none-eabi/13.3.1/../../../../arm-none-eabi/lib/thumb/v7e-m+fp/hard/libc_nano.a(libc_a-nano-vfprintf.o)
 .data          0x00000000        0x0 /Applications/ArmGNUToolchain/13.3.rel1/arm-none-eabi/bin/../lib/gcc/arm-none-eabi/13.3.1/../../../../arm-none-eabi/lib/thumb/v7e-m+fp/hard/libc_nano.a(libc_a-nano-vfprintf.o)
 .bss           0x00000000        0x0 /Applications/ArmGNUToolchain/13.3.rel1/arm-none-eabi/bin/../lib/gcc/arm-none-eabi/13.3.1/../../../../arm-none-eabi/lib/thumb/v7e-m+fp/hard/libc_nano.a(libc_a-nano-vfprintf.o)
 .text.__sprint_r
                0x00000000       0x1a /Applications/ArmGNUToolchain/13.3.rel1/arm-none-eabi/bin/../lib/gcc/arm-none-eabi/13.3.1/../../../../arm-none-eabi/lib/thumb/v7e-m+fp/hard/libc_nano.a(libc_a-nano-vfprintf.o)
 .text.vfprintf
                0x00000000       0x14 /Applications/ArmGNUToolchain/13.3.rel1/arm-none-eabi/bin/../lib/gcc/arm-none-eabi/13.3.1/../../../../arm-none-eabi/lib/thumb/v7e-m+fp/hard/libc_nano.a(libc_a-nano-vfprintf.o)
 .text          0x00000000        0x0 /Applications/ArmGNUToolchain/13.3.rel1/arm-none-eabi/bin/../lib/gcc/arm-none-eabi/13.3.1/../../../../arm-none-eabi/lib/thumb/v7e-m+fp/hard/libc_nano.a(libc_a-nano-vfprintf_i.o)
 .data          0x00000000        0x0 /Applications/ArmGNUToolchain/13.3.rel1/arm-none-eabi/bin/../lib/gcc/arm-none-eabi/13.3.1/../../../../arm-none-eabi/lib/thumb/v7e-m+fp/hard/libc_nano.a(libc_a-nano-vfprintf_i.o)
 .bss           0x00000000        0x0 /Applications/ArmGNUToolchain/13.3.rel1/arm-none-eabi/bin/../lib/gcc/arm-none-eabi/13.3.1/../../../../arm-none-eabi/lib/thumb/v7e-m+fp/hard/libc_nano.a(libc_a-nano-vfprintf_i.o)
 .text          0x00000000        0x0 /Applications/ArmGNUToolchain/13.3.rel1/arm-none-eabi/bin/../lib/gcc/arm-none-eabi/13.3.1/../../../../arm-none-eabi/lib/thumb/v7e-m+fp/hard/libc_nano.a(libc_a-findfp.o)
 .data          0x00000000        0x0 /Applications/ArmGNUToolchain/13.3.rel1/arm-none-eabi/bin/../lib/gcc/arm-none-eabi/13.3.1/../../../../arm-none-eabi/lib/thumb/v7e-m+fp/hard/libc_nano.a(libc_a-findfp.o)
 .bss           0x00000000        0x0 /Applications/ArmGNUToolchain/13.3.rel1/arm-none-eabi/bin/../lib/gcc/arm-none-eabi/13.3.1/../../../../arm-none-eabi/lib/thumb/v7e-m+fp/hard/libc_nano.a(libc_a-findfp.o)
 .text.__fp_lock
                0x00000000       0x18 /Applications/ArmGNUToolchain/13.3.rel1/arm-none-eabi/bin/../lib/gcc/arm-none-eabi/13.3.1/../../../../arm-none-eabi/lib/thumb/v7e-m+fp/hard/libc_nano.a(libc_a-findfp.o)
 .text.__fp_unlock
                0x00000000       0x18 /Applications/ArmGNUToolchain/13.3.rel1/arm-none-eabi/bin/../lib/gcc/arm-none-eabi/13.3.1/../../../../arm-none-eabi/lib/thumb/v7e-m+fp/hard/libc_nano.a(libc_a-findfp.o)
 .text.__sfp    0x00000000       0xa4 /Applications/ArmGNUToolchain/13.3.rel1/arm-none-eabi/bin/../lib/gcc/arm-none-eabi/13.3.1/../../../../arm-none-eabi/lib/thumb/v7e-m+fp/hard/libc_nano.a(libc_a-findfp.o)
 .text.__fp_lock_all
                0x00000000       0x1c /Applications/ArmGNUToolchain/13.3.rel1/arm-none-eabi/bin/../lib/gcc/arm-none-eabi/13.3.1/../../../../arm-none-eabi/lib/thumb/v7e-m+fp/hard/libc_nano.a(libc_a-findfp.o)
 .text.__fp_unlock_all
                0x00000000       0x1c /Applications/ArmGNUToolchain/13.3.rel1/arm-none-eabi/bin/../lib/gcc/arm-none-eabi/13.3.1/../../../../arm-none-eabi/lib/thumb/v7e-m+fp/hard/libc_nano.a(libc_a-findfp.o)
 .text          0x00000000        0x0 /Applications/ArmGNUToolchain/13.3.rel1/arm-none-eabi/bin/../lib/gcc/arm-none-eabi/13.3.1/../../../../arm-none-eabi/lib/thumb/v7e-m+fp/hard/libc_nano.a(libc_a-wbuf.o)
 .data          0x00000000        0x0 /Applications/ArmGNUToolchain/13.3.rel1/arm-none-eabi/bin/../lib/gcc/arm-none-eabi/13.3.1/../../../../arm-none-eabi/lib/thumb/v7e-m+fp/hard/libc_nano.a(libc_a-wbuf.o)
 .bss           0x00000000        0x0 /Applications/ArmGNUToolchain/13.3.rel1/arm-none-eabi/bin/../lib/gcc/arm-none-eabi/13.3.1/../../../../arm-none-eabi/lib/thumb/v7e-m+fp/hard/libc_nano.a(libc_a-wbuf.o)
 .text.__swbuf  0x00000000       0x10 /Applications/ArmGNUToolchain/13.3.rel1/arm-none-eabi/bin/../lib/gcc/arm-none-eabi/13.3.1/../../../../arm-none-eabi/lib/thumb/v7e-m+fp/hard/libc_nano.a(libc_a-wbuf.o)
 .text          0x00000000        0x0 /Applications/ArmGNUToolchain/13.3.rel1/arm-none-eabi/bin/../lib/gcc/arm-none-eabi/13.3.1/../../../../arm-none-eabi/lib/thumb/v7e-m+fp/hard/libc_nano.a(libc_a-wsetup.o)
 .data          0x00000000        0x0 /Applications/ArmGNUToolchain/13.3.rel1/arm-none-eabi/bin/../lib/gcc/arm-none-eabi/13.3.1/../../../../arm-none-eabi/lib/thumb/v7e-m+fp/hard/libc_nano.a(libc_a-wsetup.o)
 .bss           0x00000000        0x0 /Applications/ArmGNUToolchain/13.3.rel1/arm-none-eabi/bin/../lib/gcc/arm-none-eabi/13.3.1/../../../../arm-none-eabi/lib/thumb/v7e-m+fp/hard/libc_nano.a(libc_a-wsetup.o)
 .text          0x00000000        0x0 /Applications/ArmGNUToolchain/13.3.rel1/arm-none-eabi/bin/../lib/gcc/arm-none-eabi/13.3.1/../../../../arm-none-eabi/lib/thumb/v7e-m+fp/hard/libc_nano.a(libc_a-fvwrite.o)
 .data          0x00000000        0x0 /Applications/ArmGNUToolchain/13.3.rel1/arm-none-eabi/bin/../lib/gcc/arm-none-eabi/13.3.1/../../../../arm-none-eabi/lib/thumb/v7e-m+fp/hard/libc_nano.a(libc_a-fvwrite.o)
 .bss           0x00000000        0x0 /Applications/ArmGNUToolchain/13.3.rel1/arm-none-eabi/bin/../lib/gcc/arm-none-eabi/13.3.1/../../../../arm-none-eabi/lib/thumb/v7e-m+fp/hard/libc_nano.a(libc_a-fvwrite.o)
 .text.__sfvwrite_r
                0x00000000      0x298 /Applications/ArmGNUToolchain/13.3.rel1/arm-none-eabi/bin/../lib/gcc/arm-none-eabi/13.3.1/../../../../arm-none-eabi/lib/thumb/v7e-m+fp/hard/libc_nano.a(libc_a-fvwrite.o)
 .debug_frame   0x00000000       0x3c /Applications/ArmGNUToolchain/13.3.rel1/arm-none-eabi/bin/../lib/gcc/arm-none-eabi/13.3.1/../../../../arm-none-eabi/lib/thumb/v7e-m+fp/hard/libc_nano.a(libc_a-fvwrite.o)
 .ARM.attributes
                0x00000000       0x34 /Applications/ArmGNUToolchain/13.3.rel1/arm-none-eabi/bin/../lib/gcc/arm-none-eabi/13.3.1/../../../../arm-none-eabi/lib/thumb/v7e-m+fp/hard/libc_nano.a(libc_a-fvwrite.o)
 .text          0x00000000        0x0 /Applications/ArmGNUToolchain/13.3.rel1/arm-none-eabi/bin/../lib/gcc/arm-none-eabi/13.3.1/../../../../arm-none-eabi/lib/thumb/v7e-m+fp/hard/libc_nano.a(libc_a-fwalk.o)
 .data          0x00000000        0x0 /Applications/ArmGNUToolchain/13.3.rel1/arm-none-eabi/bin/../lib/gcc/arm-none-eabi/13.3.1/../../../../arm-none-eabi/lib/thumb/v7e-m+fp/hard/libc_nano.a(libc_a-fwalk.o)
 .bss           0x00000000        0x0 /Applications/ArmGNUToolchain/13.3.rel1/arm-none-eabi/bin/../lib/gcc/arm-none-eabi/13.3.1/../../../../arm-none-eabi/lib/thumb/v7e-m+fp/hard/libc_nano.a(libc_a-fwalk.o)
 .text          0x00000000        0x0 /Applications/ArmGNUToolchain/13.3.rel1/arm-none-eabi/bin/../lib/gcc/arm-none-eabi/13.3.1/../../../../arm-none-eabi/lib/thumb/v7e-m+fp/hard/libc_nano.a(libc_a-makebuf.o)
 .data          0x00000000        0x0 /Applications/ArmGNUToolchain/13.3.rel1/arm-none-eabi/bin/../lib/gcc/arm-none-eabi/13.3.1/../../../../arm-none-eabi/lib/thumb/v7e-m+fp/hard/libc_nano.a(libc_a-makebuf.o)
 .bss           0x00000000        0x0 /Applications/ArmGNUToolchain/13.3.rel1/arm-none-eabi/bin/../lib/gcc/arm-none-eabi/13.3.1/../../../../arm-none-eabi/lib/thumb/v7e-m+fp/hard/libc_nano.a(libc_a-makebuf.o)
 .text          0x00000000        0x0 /Applications/ArmGNUToolchain/13.3.rel1/arm-none-eabi/bin/../lib/gcc/arm-none-eabi/13.3.1/../../../../arm-none-eabi/lib/thumb/v7e-m+fp/hard/libc_nano.a(libc_a-memmove.o)
 .data          0x00000000        0x0 /Applications/ArmGNUToolchain/13.3.rel1/arm-none-eabi/bin/../lib/gcc/arm-none-eabi/13.3.1/../../../../arm-none-eabi/lib/thumb/v7e-m+fp/hard/libc_nano.a(libc_a-memmove.o)
 .bss           0x00000000        0x0 /Applications/ArmGNUToolchain/13.3.rel1/arm-none-eabi/bin/../lib/gcc/arm-none-eabi/13.3.1/../../../../arm-none-eabi/lib/thumb/v7e-m+fp/hard/libc_nano.a(libc_a-memmove.o)
 .text.memmove  0x00000000       0x34 /Applications/ArmGNUToolchain/13.3.rel1/arm-none-eabi/bin/../lib/gcc/arm-none-eabi/13.3.1/../../../../arm-none-eabi/lib/thumb/v7e-m+fp/hard/libc_nano.a(libc_a-memmove.o)
 .debug_frame   0x00000000       0x28 /Applications/ArmGNUToolchain/13.3.rel1/arm-none-eabi/bin/../lib/gcc/arm-none-eabi/13.3.1/../../../../arm-none-eabi/lib/thumb/v7e-m+fp/hard/libc_nano.a(libc_a-memmove.o)
 .ARM.attributes
                0x00000000       0x34 /Applications/ArmGNUToolchain/13.3.rel1/arm-none-eabi/bin/../lib/gcc/arm-none-eabi/13.3.1/../../../../arm-none-eabi/lib/thumb/v7e-m+fp/hard/libc_nano.a(libc_a-memmove.o)
 .text          0x00000000        0x0 /Applications/ArmGNUToolchain/13.3.rel1/arm-none-eabi/bin/../lib/gcc/arm-none-eabi/13.3.1/../../../../arm-none-eabi/lib/thumb/v7e-m+fp/hard/libc_nano.a(libc_a-memset.o)
 .data          0x00000000        0x0 /Applications/ArmGNUToolchain/13.3.rel1/arm-none-eabi/bin/../lib/gcc/arm-none-eabi/13.3.1/../../../../arm-none-eabi/lib/thumb/v7e-m+fp/hard/libc_nano.a(libc_a-memset.o)
 .bss           0x00000000        0x0 /Applications/ArmGNUToolchain/13.3.rel1/arm-none-eabi/bin/../lib/gcc/arm-none-eabi/13.3.1/../../../../arm-none-eabi/lib/thumb/v7e-m+fp/hard/libc_nano.a(libc_a-memset.o)
 .text          0x00000000        0x0 /Applications/ArmGNUToolchain/13.3.rel1/arm-none-eabi/bin/../lib/gcc/arm-none-eabi/13.3.1/../../../../arm-none-eabi/lib/thumb/v7e-m+fp/hard/libc_nano.a(libc_a-isattyr.o)
 .data          0x00000000        0x0 /Applications/ArmGNUToolchain/13.3.rel1/arm-none-eabi/bin/../lib/gcc/arm-none-eabi/13.3.1/../../../../arm-none-eabi/lib/thumb/v7e-m+fp/hard/libc_nano.a(libc_a-isattyr.o)
 .bss           0x00000000        0x0 /Applications/ArmGNUToolchain/13.3.rel1/arm-none-eabi/bin/../lib/gcc/arm-none-eabi/13.3.1/../../../../arm-none-eabi/lib/thumb/v7e-m+fp/hard/libc_nano.a(libc_a-isattyr.o)
 .text          0x00000000        0x0 /Applications/ArmGNUToolchain/13.3.rel1/arm-none-eabi/bin/../lib/gcc/arm-none-eabi/13.3.1/../../../../arm-none-eabi/lib/thumb/v7e-m+fp/hard/libc_nano.a(libc_a-lock.o)
 .data          0x00000000        0x0 /Applications/ArmGNUToolchain/13.3.rel1/arm-none-eabi/bin/../lib/gcc/arm-none-eabi/13.3.1/../../../../arm-none-eabi/lib/thumb/v7e-m+fp/hard/libc_nano.a(libc_a-lock.o)
 .bss           0x00000000        0x0 /Applications/ArmGNUToolchain/13.3.rel1/arm-none-eabi/bin/../lib/gcc/arm-none-eabi/13.3.1/../../../../arm-none-eabi/lib/thumb/v7e-m+fp/hard/libc_nano.a(libc_a-lock.o)
 .text.__retarget_lock_init
                0x00000000        0x2 /Applications/ArmGNUToolchain/13.3.rel1/arm-none-eabi/bin/../lib/gcc/arm-none-eabi/13.3.1/../../../../arm-none-eabi/lib/thumb/v7e-m+fp/hard/libc_nano.a(libc_a-lock.o)
 .text.__retarget_lock_close
                0x00000000        0x2 /Applications/ArmGNUToolchain/13.3.rel1/arm-none-eabi/bin/../lib/gcc/arm-none-eabi/13.3.1/../../../../arm-none-eabi/lib/thumb/v7e-m+fp/hard/libc_nano.a(libc_a-lock.o)
 .text.__retarget_lock_close_recursive
                0x00000000        0x2 /Applications/ArmGNUToolchain/13.3.rel1/arm-none-eabi/bin/../lib/gcc/arm-none-eabi/13.3.1/../../../../arm-none-eabi/lib/thumb/v7e-m+fp/hard/libc_nano.a(libc_a-lock.o)
 .text.__retarget_lock_acquire
                0x00000000        0x2 /Applications/ArmGNUToolchain/13.3.rel1/arm-none-eabi/bin/../lib/gcc/arm-none-eabi/13.3.1/../../../../arm-none-eabi/lib/thumb/v7e-m+fp/hard/libc_nano.a(libc_a-lock.o)
 .text.__retarget_lock_try_acquire
                0x00000000        0x4 /Applications/ArmGNUToolchain/13.3.rel1/arm-none-eabi/bin/../lib/gcc/arm-none-eabi/13.3.1/../../../../arm-none-eabi/lib/thumb/v7e-m+fp/hard/libc_nano.a(libc_a-lock.o)
 .text.__retarget_lock_try_acquire_recursive
                0x00000000        0x4 /Applications/ArmGNUToolchain/13.3.rel1/arm-none-eabi/bin/../lib/gcc/arm-none-eabi/13.3.1/../../../../arm-none-eabi/lib/thumb/v7e-m+fp/hard/libc_nano.a(libc_a-lock.o)
 .text.__retarget_lock_release
                0x00000000        0x2 /Applications/ArmGNUToolchain/13.3.rel1/arm-none-eabi/bin/../lib/gcc/arm-none-eabi/13.3.1/../../../../arm-none-eabi/lib/thumb/v7e-m+fp/hard/libc_nano.a(libc_a-lock.o)
 .bss.__lock___arc4random_mutex
                0x00000000        0x1 /Applications/ArmGNUToolchain/13.3.rel1/arm-none-eabi/bin/../lib/gcc/arm-none-eabi/13.3.1/../../../../arm-none-eabi/lib/thumb/v7e-m+fp/hard/libc_nano.a(libc_a-lock.o)
 .bss.__lock___dd_hash_mutex
                0x00000000        0x1 /Applications/ArmGNUToolchain/13.3.rel1/arm-none-eabi/bin/../lib/gcc/arm-none-eabi/13.3.1/../../../../arm-none-eabi/lib/thumb/v7e-m+fp/hard/libc_nano.a(libc_a-lock.o)
 .bss.__lock___tz_mutex
                0x00000000        0x1 /Applications/ArmGNUToolchain/13.3.rel1/arm-none-eabi/bin/../lib/gcc/arm-none-eabi/13.3.1/../../../../arm-none-eabi/lib/thumb/v7e-m+fp/hard/libc_nano.a(libc_a-lock.o)
 .bss.__lock___env_recursive_mutex
                0x00000000        0x1 /Applications/ArmGNUToolchain/13.3.rel1/arm-none-eabi/bin/../lib/gcc/arm-none-eabi/13.3.1/../../../../arm-none-eabi/lib/thumb/v7e-m+fp/hard/libc_nano.a(libc_a-lock.o)
 .bss.__lock___at_quick_exit_mutex
                0x00000000        0x1 /Applications/ArmGNUToolchain/13.3.rel1/arm-none-eabi/bin/../lib/gcc/arm-none-eabi/13.3.1/../../../../arm-none-eabi/lib/thumb/v7e-m+fp/hard/libc_nano.a(libc_a-lock.o)
 .bss.__lock___atexit_recursive_mutex
                0x00000000        0x1 /Applications/ArmGNUToolchain/13.3.rel1/arm-none-eabi/bin/../lib/gcc/arm-none-eabi/13.3.1/../../../../arm-none-eabi/lib/thumb/v7e-m+fp/hard/libc_nano.a(libc_a-lock.o)
 .text          0x00000000        0x0 /Applications/ArmGNUToolchain/13.3.rel1/arm-none-eabi/bin/../lib/gcc/arm-none-eabi/13.3.1/../../../../arm-none-eabi/lib/thumb/v7e-m+fp/hard/libc_nano.a(libc_a-reent.o)
 .data          0x00000000        0x0 /Applications/ArmGNUToolchain/13.3.rel1/arm-none-eabi/bin/../lib/gcc/arm-none-eabi/13.3.1/../../../../arm-none-eabi/lib/thumb/v7e-m+fp/hard/libc_nano.a(libc_a-reent.o)
 .bss           0x00000000        0x0 /Applications/ArmGNUToolchain/13.3.rel1/arm-none-eabi/bin/../lib/gcc/arm-none-eabi/13.3.1/../../../../arm-none-eabi/lib/thumb/v7e-m+fp/hard/libc_nano.a(libc_a-reent.o)
 .text._reclaim_reent
                0x00000000       0xbc /Applications/ArmGNUToolchain/13.3.rel1/arm-none-eabi/bin/../lib/gcc/arm-none-eabi/13.3.1/../../../../arm-none-eabi/lib/thumb/v7e-m+fp/hard/libc_nano.a(libc_a-reent.o)
 .text          0x00000000        0x0 /Applications/ArmGNUToolchain/13.3.rel1/arm-none-eabi/bin/../lib/gcc/arm-none-eabi/13.3.1/../../../../arm-none-eabi/lib/thumb/v7e-m+fp/hard/libc_nano.a(libc_a-fstatr.o)
 .data          0x00000000        0x0 /Applications/ArmGNUToolchain/13.3.rel1/arm-none-eabi/bin/../lib/gcc/arm-none-eabi/13.3.1/../../../../arm-none-eabi/lib/thumb/v7e-m+fp/hard/libc_nano.a(libc_a-fstatr.o)
 .bss           0x00000000        0x0 /Applications/ArmGNUToolchain/13.3.rel1/arm-none-eabi/bin/../lib/gcc/arm-none-eabi/13.3.1/../../../../arm-none-eabi/lib/thumb/v7e-m+fp/hard/libc_nano.a(libc_a-fstatr.o)
 .data          0x00000000        0x0 /Applications/ArmGNUToolchain/13.3.rel1/arm-none-eabi/bin/../lib/gcc/arm-none-eabi/13.3.1/../../../../arm-none-eabi/lib/thumb/v7e-m+fp/hard/libc_nano.a(libc_a-memchr.o)
 .bss           0x00000000        0x0 /Applications/ArmGNUToolchain/13.3.rel1/arm-none-eabi/bin/../lib/gcc/arm-none-eabi/13.3.1/../../../../arm-none-eabi/lib/thumb/v7e-m+fp/hard/libc_nano.a(libc_a-memchr.o)
 .ARM.extab     0x00000000        0x0 /Applications/ArmGNUToolchain/13.3.rel1/arm-none-eabi/bin/../lib/gcc/arm-none-eabi/13.3.1/../../../../arm-none-eabi/lib/thumb/v7e-m+fp/hard/libc_nano.a(libc_a-memchr.o)
 .eh_frame      0x00000000       0x50 /Applications/ArmGNUToolchain/13.3.rel1/arm-none-eabi/bin/../lib/gcc/arm-none-eabi/13.3.1/../../../../arm-none-eabi/lib/thumb/v7e-m+fp/hard/libc_nano.a(libc_a-memchr.o)
 .text          0x00000000        0x0 /Applications/ArmGNUToolchain/13.3.rel1/arm-none-eabi/bin/../lib/gcc/arm-none-eabi/13.3.1/../../../../arm-none-eabi/lib/thumb/v7e-m+fp/hard/libc_nano.a(libc_a-memcpy-stub.o)
 .data          0x00000000        0x0 /Applications/ArmGNUToolchain/13.3.rel1/arm-none-eabi/bin/../lib/gcc/arm-none-eabi/13.3.1/../../../../arm-none-eabi/lib/thumb/v7e-m+fp/hard/libc_nano.a(libc_a-memcpy-stub.o)
 .bss           0x00000000        0x0 /Applications/ArmGNUToolchain/13.3.rel1/arm-none-eabi/bin/../lib/gcc/arm-none-eabi/13.3.1/../../../../arm-none-eabi/lib/thumb/v7e-m+fp/hard/libc_nano.a(libc_a-memcpy-stub.o)
 .text.memcpy   0x00000000       0x1c /Applications/ArmGNUToolchain/13.3.rel1/arm-none-eabi/bin/../lib/gcc/arm-none-eabi/13.3.1/../../../../arm-none-eabi/lib/thumb/v7e-m+fp/hard/libc_nano.a(libc_a-memcpy-stub.o)
 .debug_frame   0x00000000       0x28 /Applications/ArmGNUToolchain/13.3.rel1/arm-none-eabi/bin/../lib/gcc/arm-none-eabi/13.3.1/../../../../arm-none-eabi/lib/thumb/v7e-m+fp/hard/libc_nano.a(libc_a-memcpy-stub.o)
 .ARM.attributes
                0x00000000       0x34 /Applications/ArmGNUToolchain/13.3.rel1/arm-none-eabi/bin/../lib/gcc/arm-none-eabi/13.3.1/../../../../arm-none-eabi/lib/thumb/v7e-m+fp/hard/libc_nano.a(libc_a-memcpy-stub.o)
 .text          0x00000000        0x0 /Applications/ArmGNUToolchain/13.3.rel1/arm-none-eabi/bin/../lib/gcc/arm-none-eabi/13.3.1/../../../../arm-none-eabi/lib/thumb/v7e-m+fp/hard/libc_nano.a(libc_a-freer.o)
 .data          0x00000000        0x0 /Applications/ArmGNUToolchain/13.3.rel1/arm-none-eabi/bin/../lib/gcc/arm-none-eabi/13.3.1/../../../../arm-none-eabi/lib/thumb/v7e-m+fp/hard/libc_nano.a(libc_a-freer.o)
 .bss           0x00000000        0x0 /Applications/ArmGNUToolchain/13.3.rel1/arm-none-eabi/bin/../lib/gcc/arm-none-eabi/13.3.1/../../../../arm-none-eabi/lib/thumb/v7e-m+fp/hard/libc_nano.a(libc_a-freer.o)
 .text          0x00000000        0x0 /Applications/ArmGNUToolchain/13.3.rel1/arm-none-eabi/bin/../lib/gcc/arm-none-eabi/13.3.1/../../../../arm-none-eabi/lib/thumb/v7e-m+fp/hard/libc_nano.a(libc_a-mallocr.o)
 .data          0x00000000        0x0 /Applications/ArmGNUToolchain/13.3.rel1/arm-none-eabi/bin/../lib/gcc/arm-none-eabi/13.3.1/../../../../arm-none-eabi/lib/thumb/v7e-m+fp/hard/libc_nano.a(libc_a-mallocr.o)
 .bss           0x00000000        0x0 /Applications/ArmGNUToolchain/13.3.rel1/arm-none-eabi/bin/../lib/gcc/arm-none-eabi/13.3.1/../../../../arm-none-eabi/lib/thumb/v7e-m+fp/hard/libc_nano.a(libc_a-mallocr.o)
 .text          0x00000000        0x0 /Applications/ArmGNUToolchain/13.3.rel1/arm-none-eabi/bin/../lib/gcc/arm-none-eabi/13.3.1/../../../../arm-none-eabi/lib/thumb/v7e-m+fp/hard/libc_nano.a(libc_a-fflush.o)
 .data          0x00000000        0x0 /Applications/ArmGNUToolchain/13.3.rel1/arm-none-eabi/bin/../lib/gcc/arm-none-eabi/13.3.1/../../../../arm-none-eabi/lib/thumb/v7e-m+fp/hard/libc_nano.a(libc_a-fflush.o)
 .bss           0x00000000        0x0 /Applications/ArmGNUToolchain/13.3.rel1/arm-none-eabi/bin/../lib/gcc/arm-none-eabi/13.3.1/../../../../arm-none-eabi/lib/thumb/v7e-m+fp/hard/libc_nano.a(libc_a-fflush.o)
 .text.fflush   0x00000000       0x28 /Applications/ArmGNUToolchain/13.3.rel1/arm-none-eabi/bin/../lib/gcc/arm-none-eabi/13.3.1/../../../../arm-none-eabi/lib/thumb/v7e-m+fp/hard/libc_nano.a(libc_a-fflush.o)
 .text          0x00000000        0x0 /Applications/ArmGNUToolchain/13.3.rel1/arm-none-eabi/bin/../lib/gcc/arm-none-eabi/13.3.1/../../../../arm-none-eabi/lib/thumb/v7e-m+fp/hard/libc_nano.a(libc_a-mlock.o)
 .data          0x00000000        0x0 /Applications/ArmGNUToolchain/13.3.rel1/arm-none-eabi/bin/../lib/gcc/arm-none-eabi/13.3.1/../../../../arm-none-eabi/lib/thumb/v7e-m+fp/hard/libc_nano.a(libc_a-mlock.o)
 .bss           0x00000000        0x0 /Applications/ArmGNUToolchain/13.3.rel1/arm-none-eabi/bin/../lib/gcc/arm-none-eabi/13.3.1/../../../../arm-none-eabi/lib/thumb/v7e-m+fp/hard/libc_nano.a(libc_a-mlock.o)
 .text          0x00000000        0x0 /Applications/ArmGNUToolchain/13.3.rel1/arm-none-eabi/bin/../lib/gcc/arm-none-eabi/13.3.1/../../../../arm-none-eabi/lib/thumb/v7e-m+fp/hard/libc_nano.a(libc_a-stdio.o)
 .data          0x00000000        0x0 /Applications/ArmGNUToolchain/13.3.rel1/arm-none-eabi/bin/../lib/gcc/arm-none-eabi/13.3.1/../../../../arm-none-eabi/lib/thumb/v7e-m+fp/hard/libc_nano.a(libc_a-stdio.o)
 .bss           0x00000000        0x0 /Applications/ArmGNUToolchain/13.3.rel1/arm-none-eabi/bin/../lib/gcc/arm-none-eabi/13.3.1/../../../../arm-none-eabi/lib/thumb/v7e-m+fp/hard/libc_nano.a(libc_a-stdio.o)
 .text.__seofread
                0x00000000        0x4 /Applications/ArmGNUToolchain/13.3.rel1/arm-none-eabi/bin/../lib/gcc/arm-none-eabi/13.3.1/../../../../arm-none-eabi/lib/thumb/v7e-m+fp/hard/libc_nano.a(libc_a-stdio.o)
 .text          0x00000000        0x0 /Applications/ArmGNUToolchain/13.3.rel1/arm-none-eabi/bin/../lib/gcc/arm-none-eabi/13.3.1/../../../../arm-none-eabi/lib/thumb/v7e-m+fp/hard/libc_nano.a(libc_a-reallocr.o)
 .data          0x00000000        0x0 /Applications/ArmGNUToolchain/13.3.rel1/arm-none-eabi/bin/../lib/gcc/arm-none-eabi/13.3.1/../../../../arm-none-eabi/lib/thumb/v7e-m+fp/hard/libc_nano.a(libc_a-reallocr.o)
 .bss           0x00000000        0x0 /Applications/ArmGNUToolchain/13.3.rel1/arm-none-eabi/bin/../lib/gcc/arm-none-eabi/13.3.1/../../../../arm-none-eabi/lib/thumb/v7e-m+fp/hard/libc_nano.a(libc_a-reallocr.o)
 .text._realloc_r
                0x00000000       0x5c /Applications/ArmGNUToolchain/13.3.rel1/arm-none-eabi/bin/../lib/gcc/arm-none-eabi/13.3.1/../../../../arm-none-eabi/lib/thumb/v7e-m+fp/hard/libc_nano.a(libc_a-reallocr.o)
 .debug_frame   0x00000000       0x3c /Applications/ArmGNUToolchain/13.3.rel1/arm-none-eabi/bin/../lib/gcc/arm-none-eabi/13.3.1/../../../../arm-none-eabi/lib/thumb/v7e-m+fp/hard/libc_nano.a(libc_a-reallocr.o)
 .ARM.attributes
                0x00000000       0x34 /Applications/ArmGNUToolchain/13.3.rel1/arm-none-eabi/bin/../lib/gcc/arm-none-eabi/13.3.1/../../../../arm-none-eabi/lib/thumb/v7e-m+fp/hard/libc_nano.a(libc_a-reallocr.o)
 .text          0x00000000        0x0 /Applications/ArmGNUToolchain/13.3.rel1/arm-none-eabi/bin/../lib/gcc/arm-none-eabi/13.3.1/../../../../arm-none-eabi/lib/thumb/v7e-m+fp/hard/libc_nano.a(libc_a-lseekr.o)
 .data          0x00000000        0x0 /Applications/ArmGNUToolchain/13.3.rel1/arm-none-eabi/bin/../lib/gcc/arm-none-eabi/13.3.1/../../../../arm-none-eabi/lib/thumb/v7e-m+fp/hard/libc_nano.a(libc_a-lseekr.o)
 .bss           0x00000000        0x0 /Applications/ArmGNUToolchain/13.3.rel1/arm-none-eabi/bin/../lib/gcc/arm-none-eabi/13.3.1/../../../../arm-none-eabi/lib/thumb/v7e-m+fp/hard/libc_nano.a(libc_a-lseekr.o)
 .text          0x00000000        0x0 /Applications/ArmGNUToolchain/13.3.rel1/arm-none-eabi/bin/../lib/gcc/arm-none-eabi/13.3.1/../../../../arm-none-eabi/lib/thumb/v7e-m+fp/hard/libc_nano.a(libc_a-readr.o)
 .data          0x00000000        0x0 /Applications/ArmGNUToolchain/13.3.rel1/arm-none-eabi/bin/../lib/gcc/arm-none-eabi/13.3.1/../../../../arm-none-eabi/lib/thumb/v7e-m+fp/hard/libc_nano.a(libc_a-readr.o)
 .bss           0x00000000        0x0 /Applications/ArmGNUToolchain/13.3.rel1/arm-none-eabi/bin/../lib/gcc/arm-none-eabi/13.3.1/../../../../arm-none-eabi/lib/thumb/v7e-m+fp/hard/libc_nano.a(libc_a-readr.o)
 .text          0x00000000        0x0 /Applications/ArmGNUToolchain/13.3.rel1/arm-none-eabi/bin/../lib/gcc/arm-none-eabi/13.3.1/../../../../arm-none-eabi/lib/thumb/v7e-m+fp/hard/libc_nano.a(libc_a-sbrkr.o)
 .data          0x00000000        0x0 /Applications/ArmGNUToolchain/13.3.rel1/arm-none-eabi/bin/../lib/gcc/arm-none-eabi/13.3.1/../../../../arm-none-eabi/lib/thumb/v7e-m+fp/hard/libc_nano.a(libc_a-sbrkr.o)
 .bss           0x00000000        0x0 /Applications/ArmGNUToolchain/13.3.rel1/arm-none-eabi/bin/../lib/gcc/arm-none-eabi/13.3.1/../../../../arm-none-eabi/lib/thumb/v7e-m+fp/hard/libc_nano.a(libc_a-sbrkr.o)
 .text          0x00000000        0x0 /Applications/ArmGNUToolchain/13.3.rel1/arm-none-eabi/bin/../lib/gcc/arm-none-eabi/13.3.1/../../../../arm-none-eabi/lib/thumb/v7e-m+fp/hard/libc_nano.a(libc_a-writer.o)
 .data          0x00000000        0x0 /Applications/ArmGNUToolchain/13.3.rel1/arm-none-eabi/bin/../lib/gcc/arm-none-eabi/13.3.1/../../../../arm-none-eabi/lib/thumb/v7e-m+fp/hard/libc_nano.a(libc_a-writer.o)
 .bss           0x00000000        0x0 /Applications/ArmGNUToolchain/13.3.rel1/arm-none-eabi/bin/../lib/gcc/arm-none-eabi/13.3.1/../../../../arm-none-eabi/lib/thumb/v7e-m+fp/hard/libc_nano.a(libc_a-writer.o)
 .text          0x00000000        0x0 /Applications/ArmGNUToolchain/13.3.rel1/arm-none-eabi/bin/../lib/gcc/arm-none-eabi/13.3.1/../../../../arm-none-eabi/lib/thumb/v7e-m+fp/hard/libc_nano.a(libc_a-closer.o)
 .data          0x00000000        0x0 /Applications/ArmGNUToolchain/13.3.rel1/arm-none-eabi/bin/../lib/gcc/arm-none-eabi/13.3.1/../../../../arm-none-eabi/lib/thumb/v7e-m+fp/hard/libc_nano.a(libc_a-closer.o)
 .bss           0x00000000        0x0 /Applications/ArmGNUToolchain/13.3.rel1/arm-none-eabi/bin/../lib/gcc/arm-none-eabi/13.3.1/../../../../arm-none-eabi/lib/thumb/v7e-m+fp/hard/libc_nano.a(libc_a-closer.o)
 .text          0x00000000        0x0 /Applications/ArmGNUToolchain/13.3.rel1/arm-none-eabi/bin/../lib/gcc/arm-none-eabi/13.3.1/../../../../arm-none-eabi/lib/thumb/v7e-m+fp/hard/libc_nano.a(libc_a-msizer.o)
 .data          0x00000000        0x0 /Applications/ArmGNUToolchain/13.3.rel1/arm-none-eabi/bin/../lib/gcc/arm-none-eabi/13.3.1/../../../../arm-none-eabi/lib/thumb/v7e-m+fp/hard/libc_nano.a(libc_a-msizer.o)
 .bss           0x00000000        0x0 /Applications/ArmGNUToolchain/13.3.rel1/arm-none-eabi/bin/../lib/gcc/arm-none-eabi/13.3.1/../../../../arm-none-eabi/lib/thumb/v7e-m+fp/hard/libc_nano.a(libc_a-msizer.o)
 .text._malloc_usable_size_r
                0x00000000       0x10 /Applications/ArmGNUToolchain/13.3.rel1/arm-none-eabi/bin/../lib/gcc/arm-none-eabi/13.3.1/../../../../arm-none-eabi/lib/thumb/v7e-m+fp/hard/libc_nano.a(libc_a-msizer.o)
 .debug_frame   0x00000000       0x20 /Applications/ArmGNUToolchain/13.3.rel1/arm-none-eabi/bin/../lib/gcc/arm-none-eabi/13.3.1/../../../../arm-none-eabi/lib/thumb/v7e-m+fp/hard/libc_nano.a(libc_a-msizer.o)
 .ARM.attributes
                0x00000000       0x34 /Applications/ArmGNUToolchain/13.3.rel1/arm-none-eabi/bin/../lib/gcc/arm-none-eabi/13.3.1/../../../../arm-none-eabi/lib/thumb/v7e-m+fp/hard/libc_nano.a(libc_a-msizer.o)

Memory Configuration

Name             Origin             Length             Attributes
flash            0x80000000         0x00200000         xr
sram             0x30000000         0x00010000         xrw
*default*        0x00000000         0xffffffff

Linker script and memory map

LOAD /var/folders/m_/xsbbxtv50nzck1gkgq3yl0sm0000gn/T//cc0Lm4V5.o
LOAD /var/folders/m_/xsbbxtv50nzck1gkgq3yl0sm0000gn/T//ccHu2qpQ.o
LOAD /var/folders/m_/xsbbxtv50nzck1gkgq3yl0sm0000gn/T//cc88sW84.o
LOAD /Applications/ArmGNUToolchain/13.3.rel1/arm-none-eabi/bin/../lib/gcc/arm-none-eabi/13.3.1/../../../../arm-none-eabi/lib/thumb/v7e-m+fp/hard/libc_nano.a
LOAD /Applications/ArmGNUToolchain/13.3.rel1/arm-none-eabi/bin/../lib/gcc/arm-none-eabi/13.3.1/thumb/v7e-m+fp/hard/libgcc.a
                0x30010000                        _estack = (ORIGIN (sram) + LENGTH (sram))

.vectors        0x80000000      0x1ac
 *(.vectors)
 .vectors       0x80000000      0x1ac /var/folders/m_/xsbbxtv50nzck1gkgq3yl0sm0000gn/T//ccHu2qpQ.o
                0x80000000                tab

.text           0x800001b0     0x10ac
 *(.text*)
 .text.gpio_set_mode
                0x800001b0       0x38 /var/folders/m_/xsbbxtv50nzck1gkgq3yl0sm0000gn/T//cc0Lm4V5.o
 .text.gpio_set_af.constprop.0
                0x800001e8       0x30 /var/folders/m_/xsbbxtv50nzck1gkgq3yl0sm0000gn/T//cc0Lm4V5.o
 .text.SysTick_Handler
                0x80000218       0x10 /var/folders/m_/xsbbxtv50nzck1gkgq3yl0sm0000gn/T//cc0Lm4V5.o
                0x80000218                SysTick_Handler
 .text.startup.main
                0x80000228       0xc8 /var/folders/m_/xsbbxtv50nzck1gkgq3yl0sm0000gn/T//cc0Lm4V5.o
                0x80000228                main
 .text._reset   0x800002f0       0x40 /var/folders/m_/xsbbxtv50nzck1gkgq3yl0sm0000gn/T//ccHu2qpQ.o
                0x800002f0                _reset
 .text._fstat   0x80000330       0x12 /var/folders/m_/xsbbxtv50nzck1gkgq3yl0sm0000gn/T//cc88sW84.o
                0x80000330                _fstat
 *fill*         0x80000342        0x2 
 .text._sbrk    0x80000344       0x1c /var/folders/m_/xsbbxtv50nzck1gkgq3yl0sm0000gn/T//cc88sW84.o
                0x80000344                _sbrk
 .text._close   0x80000360        0x6 /var/folders/m_/xsbbxtv50nzck1gkgq3yl0sm0000gn/T//cc88sW84.o
                0x80000360                _close
 .text._isatty  0x80000366        0x4 /var/folders/m_/xsbbxtv50nzck1gkgq3yl0sm0000gn/T//cc88sW84.o
                0x80000366                _isatty
 .text._lseek   0x8000036a        0x4 /var/folders/m_/xsbbxtv50nzck1gkgq3yl0sm0000gn/T//cc88sW84.o
                0x8000036a                _lseek
 *fill*         0x8000036e        0x2 
 .text._write   0x80000370       0x30 /var/folders/m_/xsbbxtv50nzck1gkgq3yl0sm0000gn/T//cc88sW84.o
                0x80000370                _write
 .text._read    0x800003a0        0x6 /var/folders/m_/xsbbxtv50nzck1gkgq3yl0sm0000gn/T//cc88sW84.o
                0x800003a0                _read
 *fill*         0x800003a6        0x2 
 .text.printf   0x800003a8       0x24 /Applications/ArmGNUToolchain/13.3.rel1/arm-none-eabi/bin/../lib/gcc/arm-none-eabi/13.3.1/../../../../arm-none-eabi/lib/thumb/v7e-m+fp/hard/libc_nano.a(libc_a-printf.o)
                0x800003a8                printf
                0x800003a8                iprintf
 .text.__sfputc_r
                0x800003cc       0x2e /Applications/ArmGNUToolchain/13.3.rel1/arm-none-eabi/bin/../lib/gcc/arm-none-eabi/13.3.1/../../../../arm-none-eabi/lib/thumb/v7e-m+fp/hard/libc_nano.a(libc_a-nano-vfprintf.o)
 .text.__sfputs_r
                0x800003fa       0x24 /Applications/ArmGNUToolchain/13.3.rel1/arm-none-eabi/bin/../lib/gcc/arm-none-eabi/13.3.1/../../../../arm-none-eabi/lib/thumb/v7e-m+fp/hard/libc_nano.a(libc_a-nano-vfprintf.o)
                0x800003fa                __sfputs_r
 *fill*         0x8000041e        0x2 
 .text._vfprintf_r
                0x80000420      0x230 /Applications/ArmGNUToolchain/13.3.rel1/arm-none-eabi/bin/../lib/gcc/arm-none-eabi/13.3.1/../../../../arm-none-eabi/lib/thumb/v7e-m+fp/hard/libc_nano.a(libc_a-nano-vfprintf.o)
                0x80000420                _vfiprintf_r
                0x80000420                _vfprintf_r
 .text._printf_common
                0x80000650       0xda /Applications/ArmGNUToolchain/13.3.rel1/arm-none-eabi/bin/../lib/gcc/arm-none-eabi/13.3.1/../../../../arm-none-eabi/lib/thumb/v7e-m+fp/hard/libc_nano.a(libc_a-nano-vfprintf_i.o)
                0x80000650                _printf_common
 *fill*         0x8000072a        0x2 
 .text._printf_i
                0x8000072c      0x23c /Applications/ArmGNUToolchain/13.3.rel1/arm-none-eabi/bin/../lib/gcc/arm-none-eabi/13.3.1/../../../../arm-none-eabi/lib/thumb/v7e-m+fp/hard/libc_nano.a(libc_a-nano-vfprintf_i.o)
                0x8000072c                _printf_i
 .text.std      0x80000968       0x6c /Applications/ArmGNUToolchain/13.3.rel1/arm-none-eabi/bin/../lib/gcc/arm-none-eabi/13.3.1/../../../../arm-none-eabi/lib/thumb/v7e-m+fp/hard/libc_nano.a(libc_a-findfp.o)
 .text.stdio_exit_handler
                0x800009d4       0x18 /Applications/ArmGNUToolchain/13.3.rel1/arm-none-eabi/bin/../lib/gcc/arm-none-eabi/13.3.1/../../../../arm-none-eabi/lib/thumb/v7e-m+fp/hard/libc_nano.a(libc_a-findfp.o)
 .text.cleanup_stdio
                0x800009ec       0x40 /Applications/ArmGNUToolchain/13.3.rel1/arm-none-eabi/bin/../lib/gcc/arm-none-eabi/13.3.1/../../../../arm-none-eabi/lib/thumb/v7e-m+fp/hard/libc_nano.a(libc_a-findfp.o)
 .text.global_stdio_init.part.0
                0x80000a2c       0x3c /Applications/ArmGNUToolchain/13.3.rel1/arm-none-eabi/bin/../lib/gcc/arm-none-eabi/13.3.1/../../../../arm-none-eabi/lib/thumb/v7e-m+fp/hard/libc_nano.a(libc_a-findfp.o)
 .text.__sfp_lock_acquire
                0x80000a68        0xc /Applications/ArmGNUToolchain/13.3.rel1/arm-none-eabi/bin/../lib/gcc/arm-none-eabi/13.3.1/../../../../arm-none-eabi/lib/thumb/v7e-m+fp/hard/libc_nano.a(libc_a-findfp.o)
                0x80000a68                __sfp_lock_acquire
 .text.__sfp_lock_release
                0x80000a74        0xc /Applications/ArmGNUToolchain/13.3.rel1/arm-none-eabi/bin/../lib/gcc/arm-none-eabi/13.3.1/../../../../arm-none-eabi/lib/thumb/v7e-m+fp/hard/libc_nano.a(libc_a-findfp.o)
                0x80000a74                __sfp_lock_release
 .text.__sinit  0x80000a80       0x30 /Applications/ArmGNUToolchain/13.3.rel1/arm-none-eabi/bin/../lib/gcc/arm-none-eabi/13.3.1/../../../../arm-none-eabi/lib/thumb/v7e-m+fp/hard/libc_nano.a(libc_a-findfp.o)
                0x80000a80                __sinit
 .text.__swbuf_r
                0x80000ab0       0x7c /Applications/ArmGNUToolchain/13.3.rel1/arm-none-eabi/bin/../lib/gcc/arm-none-eabi/13.3.1/../../../../arm-none-eabi/lib/thumb/v7e-m+fp/hard/libc_nano.a(libc_a-wbuf.o)
                0x80000ab0                __swbuf_r
 .text.__swsetup_r
                0x80000b2c       0xac /Applications/ArmGNUToolchain/13.3.rel1/arm-none-eabi/bin/../lib/gcc/arm-none-eabi/13.3.1/../../../../arm-none-eabi/lib/thumb/v7e-m+fp/hard/libc_nano.a(libc_a-wsetup.o)
                0x80000b2c                __swsetup_r
 .text._fwalk_sglue
                0x80000bd8       0x3c /Applications/ArmGNUToolchain/13.3.rel1/arm-none-eabi/bin/../lib/gcc/arm-none-eabi/13.3.1/../../../../arm-none-eabi/lib/thumb/v7e-m+fp/hard/libc_nano.a(libc_a-fwalk.o)
                0x80000bd8                _fwalk_sglue
 .text.__swhatbuf_r
                0x80000c14       0x4c /Applications/ArmGNUToolchain/13.3.rel1/arm-none-eabi/bin/../lib/gcc/arm-none-eabi/13.3.1/../../../../arm-none-eabi/lib/thumb/v7e-m+fp/hard/libc_nano.a(libc_a-makebuf.o)
                0x80000c14                __swhatbuf_r
 .text.__smakebuf_r
                0x80000c60       0x78 /Applications/ArmGNUToolchain/13.3.rel1/arm-none-eabi/bin/../lib/gcc/arm-none-eabi/13.3.1/../../../../arm-none-eabi/lib/thumb/v7e-m+fp/hard/libc_nano.a(libc_a-makebuf.o)
                0x80000c60                __smakebuf_r
 .text.memset   0x80000cd8       0x10 /Applications/ArmGNUToolchain/13.3.rel1/arm-none-eabi/bin/../lib/gcc/arm-none-eabi/13.3.1/../../../../arm-none-eabi/lib/thumb/v7e-m+fp/hard/libc_nano.a(libc_a-memset.o)
                0x80000cd8                memset
 .text._isatty_r
                0x80000ce8       0x20 /Applications/ArmGNUToolchain/13.3.rel1/arm-none-eabi/bin/../lib/gcc/arm-none-eabi/13.3.1/../../../../arm-none-eabi/lib/thumb/v7e-m+fp/hard/libc_nano.a(libc_a-isattyr.o)
                0x80000ce8                _isatty_r
 .text.__retarget_lock_init_recursive
                0x80000d08        0x2 /Applications/ArmGNUToolchain/13.3.rel1/arm-none-eabi/bin/../lib/gcc/arm-none-eabi/13.3.1/../../../../arm-none-eabi/lib/thumb/v7e-m+fp/hard/libc_nano.a(libc_a-lock.o)
                0x80000d08                __retarget_lock_init_recursive
 .text.__retarget_lock_acquire_recursive
                0x80000d0a        0x2 /Applications/ArmGNUToolchain/13.3.rel1/arm-none-eabi/bin/../lib/gcc/arm-none-eabi/13.3.1/../../../../arm-none-eabi/lib/thumb/v7e-m+fp/hard/libc_nano.a(libc_a-lock.o)
                0x80000d0a                __retarget_lock_acquire_recursive
 .text.__retarget_lock_release_recursive
                0x80000d0c        0x2 /Applications/ArmGNUToolchain/13.3.rel1/arm-none-eabi/bin/../lib/gcc/arm-none-eabi/13.3.1/../../../../arm-none-eabi/lib/thumb/v7e-m+fp/hard/libc_nano.a(libc_a-lock.o)
                0x80000d0c                __retarget_lock_release_recursive
 *fill*         0x80000d0e        0x2 
 .text._fstat_r
                0x80000d10       0x24 /Applications/ArmGNUToolchain/13.3.rel1/arm-none-eabi/bin/../lib/gcc/arm-none-eabi/13.3.1/../../../../arm-none-eabi/lib/thumb/v7e-m+fp/hard/libc_nano.a(libc_a-fstatr.o)
                0x80000d10                _fstat_r
 *fill*         0x80000d34        0xc 
 .text          0x80000d40       0xa0 /Applications/ArmGNUToolchain/13.3.rel1/arm-none-eabi/bin/../lib/gcc/arm-none-eabi/13.3.1/../../../../arm-none-eabi/lib/thumb/v7e-m+fp/hard/libc_nano.a(libc_a-memchr.o)
                0x80000d40                memchr
 .text._free_r  0x80000de0       0x94 /Applications/ArmGNUToolchain/13.3.rel1/arm-none-eabi/bin/../lib/gcc/arm-none-eabi/13.3.1/../../../../arm-none-eabi/lib/thumb/v7e-m+fp/hard/libc_nano.a(libc_a-freer.o)
                0x80000de0                _free_r
 .text.sbrk_aligned
                0x80000e74       0x44 /Applications/ArmGNUToolchain/13.3.rel1/arm-none-eabi/bin/../lib/gcc/arm-none-eabi/13.3.1/../../../../arm-none-eabi/lib/thumb/v7e-m+fp/hard/libc_nano.a(libc_a-mallocr.o)
 .text._malloc_r
                0x80000eb8      0x100 /Applications/ArmGNUToolchain/13.3.rel1/arm-none-eabi/bin/../lib/gcc/arm-none-eabi/13.3.1/../../../../arm-none-eabi/lib/thumb/v7e-m+fp/hard/libc_nano.a(libc_a-mallocr.o)
                0x80000eb8                _malloc_r
 .text.__sflush_r
                0x80000fb8      0x108 /Applications/ArmGNUToolchain/13.3.rel1/arm-none-eabi/bin/../lib/gcc/arm-none-eabi/13.3.1/../../../../arm-none-eabi/lib/thumb/v7e-m+fp/hard/libc_nano.a(libc_a-fflush.o)
                0x80000fb8                __sflush_r
 .text._fflush_r
                0x800010c0       0x50 /Applications/ArmGNUToolchain/13.3.rel1/arm-none-eabi/bin/../lib/gcc/arm-none-eabi/13.3.1/../../../../arm-none-eabi/lib/thumb/v7e-m+fp/hard/libc_nano.a(libc_a-fflush.o)
                0x800010c0                _fflush_r
 .text.__malloc_lock
                0x80001110        0xc /Applications/ArmGNUToolchain/13.3.rel1/arm-none-eabi/bin/../lib/gcc/arm-none-eabi/13.3.1/../../../../arm-none-eabi/lib/thumb/v7e-m+fp/hard/libc_nano.a(libc_a-mlock.o)
                0x80001110                __malloc_lock
 .text.__malloc_unlock
                0x8000111c        0xc /Applications/ArmGNUToolchain/13.3.rel1/arm-none-eabi/bin/../lib/gcc/arm-none-eabi/13.3.1/../../../../arm-none-eabi/lib/thumb/v7e-m+fp/hard/libc_nano.a(libc_a-mlock.o)
                0x8000111c                __malloc_unlock
 .text.__sread  0x80001128       0x22 /Applications/ArmGNUToolchain/13.3.rel1/arm-none-eabi/bin/../lib/gcc/arm-none-eabi/13.3.1/../../../../arm-none-eabi/lib/thumb/v7e-m+fp/hard/libc_nano.a(libc_a-stdio.o)
                0x80001128                __sread
 .text.__swrite
                0x8000114a       0x38 /Applications/ArmGNUToolchain/13.3.rel1/arm-none-eabi/bin/../lib/gcc/arm-none-eabi/13.3.1/../../../../arm-none-eabi/lib/thumb/v7e-m+fp/hard/libc_nano.a(libc_a-stdio.o)
                0x8000114a                __swrite
 .text.__sseek  0x80001182       0x24 /Applications/ArmGNUToolchain/13.3.rel1/arm-none-eabi/bin/../lib/gcc/arm-none-eabi/13.3.1/../../../../arm-none-eabi/lib/thumb/v7e-m+fp/hard/libc_nano.a(libc_a-stdio.o)
                0x80001182                __sseek
 .text.__sclose
                0x800011a6        0x8 /Applications/ArmGNUToolchain/13.3.rel1/arm-none-eabi/bin/../lib/gcc/arm-none-eabi/13.3.1/../../../../arm-none-eabi/lib/thumb/v7e-m+fp/hard/libc_nano.a(libc_a-stdio.o)
                0x800011a6                __sclose
 *fill*         0x800011ae        0x2 
 .text._lseek_r
                0x800011b0       0x24 /Applications/ArmGNUToolchain/13.3.rel1/arm-none-eabi/bin/../lib/gcc/arm-none-eabi/13.3.1/../../../../arm-none-eabi/lib/thumb/v7e-m+fp/hard/libc_nano.a(libc_a-lseekr.o)
                0x800011b0                _lseek_r
 .text._read_r  0x800011d4       0x24 /Applications/ArmGNUToolchain/13.3.rel1/arm-none-eabi/bin/../lib/gcc/arm-none-eabi/13.3.1/../../../../arm-none-eabi/lib/thumb/v7e-m+fp/hard/libc_nano.a(libc_a-readr.o)
                0x800011d4                _read_r
 .text._sbrk_r  0x800011f8       0x20 /Applications/ArmGNUToolchain/13.3.rel1/arm-none-eabi/bin/../lib/gcc/arm-none-eabi/13.3.1/../../../../arm-none-eabi/lib/thumb/v7e-m+fp/hard/libc_nano.a(libc_a-sbrkr.o)
                0x800011f8                _sbrk_r
 .text._write_r
                0x80001218       0x24 /Applications/ArmGNUToolchain/13.3.rel1/arm-none-eabi/bin/../lib/gcc/arm-none-eabi/13.3.1/../../../../arm-none-eabi/lib/thumb/v7e-m+fp/hard/libc_nano.a(libc_a-writer.o)
                0x80001218                _write_r
 .text._close_r
                0x8000123c       0x20 /Applications/ArmGNUToolchain/13.3.rel1/arm-none-eabi/bin/../lib/gcc/arm-none-eabi/13.3.1/../../../../arm-none-eabi/lib/thumb/v7e-m+fp/hard/libc_nano.a(libc_a-closer.o)
                0x8000123c                _close_r

.glue_7         0x8000125c        0x0
 .glue_7        0x8000125c        0x0 linker stubs

.glue_7t        0x8000125c        0x0
 .glue_7t       0x8000125c        0x0 linker stubs

.vfp11_veneer   0x8000125c        0x0
 .vfp11_veneer  0x8000125c        0x0 linker stubs

.v4_bx          0x8000125c        0x0
 .v4_bx         0x8000125c        0x0 linker stubs

.iplt           0x8000125c        0x0
 .iplt          0x8000125c        0x0 /var/folders/m_/xsbbxtv50nzck1gkgq3yl0sm0000gn/T//cc0Lm4V5.o

.rodata         0x8000125c       0x48
 *(.rodata*)
 .rodata.main.str1.1
                0x8000125c       0x48 /var/folders/m_/xsbbxtv50nzck1gkgq3yl0sm0000gn/T//cc0Lm4V5.o
                                 0x15 (size before relaxing)
 .rodata._vfprintf_r.str1.1
                0x800012a4       0x11 /Applications/ArmGNUToolchain/13.3.rel1/arm-none-eabi/bin/../lib/gcc/arm-none-eabi/13.3.1/../../../../arm-none-eabi/lib/thumb/v7e-m+fp/hard/libc_nano.a(libc_a-nano-vfprintf.o)
 .rodata._printf_i.str1.1
                0x800012a4       0x22 /Applications/ArmGNUToolchain/13.3.rel1/arm-none-eabi/bin/../lib/gcc/arm-none-eabi/13.3.1/../../../../arm-none-eabi/lib/thumb/v7e-m+fp/hard/libc_nano.a(libc_a-nano-vfprintf_i.o)

.ARM.exidx      0x800012a4        0x8
 .ARM.exidx     0x800012a4        0x8 /Applications/ArmGNUToolchain/13.3.rel1/arm-none-eabi/bin/../lib/gcc/arm-none-eabi/13.3.1/../../../../arm-none-eabi/lib/thumb/v7e-m+fp/hard/libc_nano.a(libc_a-memchr.o)

.rel.dyn        0x800012ac        0x0
 .rel.iplt      0x800012ac        0x0 /var/folders/m_/xsbbxtv50nzck1gkgq3yl0sm0000gn/T//cc0Lm4V5.o

.data           0x30000000       0x5c load address 0x800012ac
                0x30000000                        _sdata = .
 *(.first_data)
 *(.data SORT_BY_NAME(.data.*))
 .data.__sglue  0x30000000        0xc /Applications/ArmGNUToolchain/13.3.rel1/arm-none-eabi/bin/../lib/gcc/arm-none-eabi/13.3.1/../../../../arm-none-eabi/lib/thumb/v7e-m+fp/hard/libc_nano.a(libc_a-findfp.o)
                0x30000000                __sglue
 .data._impure_data
                0x3000000c       0x4c /Applications/ArmGNUToolchain/13.3.rel1/arm-none-eabi/bin/../lib/gcc/arm-none-eabi/13.3.1/../../../../arm-none-eabi/lib/thumb/v7e-m+fp/hard/libc_nano.a(libc_a-impure.o)
                0x3000000c                _impure_data
 .data._impure_ptr
                0x30000058        0x4 /Applications/ArmGNUToolchain/13.3.rel1/arm-none-eabi/bin/../lib/gcc/arm-none-eabi/13.3.1/../../../../arm-none-eabi/lib/thumb/v7e-m+fp/hard/libc_nano.a(libc_a-impure.o)
                0x30000058                _impure_ptr
                0x3000005c                        _edata = .
                0x800012ac                        _sidata = LOADADDR (.data)

.igot.plt       0x3000005c        0x0 load address 0x80001308
 .igot.plt      0x3000005c        0x0 /var/folders/m_/xsbbxtv50nzck1gkgq3yl0sm0000gn/T//cc0Lm4V5.o

.bss            0x3000005c      0x158 load address 0x80001308
                0x3000005c                        _sbss = .
 *(.bss SORT_BY_NAME(.bss.*) COMMON)
 .bss.__lock___malloc_recursive_mutex
                0x3000005c        0x1 /Applications/ArmGNUToolchain/13.3.rel1/arm-none-eabi/bin/../lib/gcc/arm-none-eabi/13.3.1/../../../../arm-none-eabi/lib/thumb/v7e-m+fp/hard/libc_nano.a(libc_a-lock.o)
                0x3000005c                __lock___malloc_recursive_mutex
 .bss.__lock___sfp_recursive_mutex
                0x3000005d        0x1 /Applications/ArmGNUToolchain/13.3.rel1/arm-none-eabi/bin/../lib/gcc/arm-none-eabi/13.3.1/../../../../arm-none-eabi/lib/thumb/v7e-m+fp/hard/libc_nano.a(libc_a-lock.o)
                0x3000005d                __lock___sfp_recursive_mutex
 *fill*         0x3000005e        0x2 
 .bss.__malloc_free_list
                0x30000060        0x4 /Applications/ArmGNUToolchain/13.3.rel1/arm-none-eabi/bin/../lib/gcc/arm-none-eabi/13.3.1/../../../../arm-none-eabi/lib/thumb/v7e-m+fp/hard/libc_nano.a(libc_a-mallocr.o)
                0x30000060                __malloc_free_list
 .bss.__malloc_sbrk_start
                0x30000064        0x4 /Applications/ArmGNUToolchain/13.3.rel1/arm-none-eabi/bin/../lib/gcc/arm-none-eabi/13.3.1/../../../../arm-none-eabi/lib/thumb/v7e-m+fp/hard/libc_nano.a(libc_a-mallocr.o)
                0x30000064                __malloc_sbrk_start
 .bss.__sf      0x30000068      0x138 /Applications/ArmGNUToolchain/13.3.rel1/arm-none-eabi/bin/../lib/gcc/arm-none-eabi/13.3.1/../../../../arm-none-eabi/lib/thumb/v7e-m+fp/hard/libc_nano.a(libc_a-findfp.o)
                0x30000068                __sf
 .bss.__stdio_exit_handler
                0x300001a0        0x4 /Applications/ArmGNUToolchain/13.3.rel1/arm-none-eabi/bin/../lib/gcc/arm-none-eabi/13.3.1/../../../../arm-none-eabi/lib/thumb/v7e-m+fp/hard/libc_nano.a(libc_a-findfp.o)
                0x300001a0                __stdio_exit_handler
 .bss.errno     0x300001a4        0x4 /Applications/ArmGNUToolchain/13.3.rel1/arm-none-eabi/bin/../lib/gcc/arm-none-eabi/13.3.1/../../../../arm-none-eabi/lib/thumb/v7e-m+fp/hard/libc_nano.a(libc_a-reent.o)
                0x300001a4                errno
 .bss.heap.0    0x300001a8        0x4 /var/folders/m_/xsbbxtv50nzck1gkgq3yl0sm0000gn/T//cc88sW84.o
 .bss.on.0      0x300001ac        0x1 /var/folders/m_/xsbbxtv50nzck1gkgq3yl0sm0000gn/T//cc0Lm4V5.o
 *fill*         0x300001ad        0x3 
 .bss.s_ticks   0x300001b0        0x4 /var/folders/m_/xsbbxtv50nzck1gkgq3yl0sm0000gn/T//cc0Lm4V5.o
                0x300001b4                        _ebss = .
                0x300001b8                        . = ALIGN (0x8)
                0x300001b8                        _end = .
OUTPUT(firmware.elf elf32-littlearm)
LOAD linker stubs

.debug_info     0x00000000      0xfdf
 .debug_info    0x00000000      0x75d /var/folders/m_/xsbbxtv50nzck1gkgq3yl0sm0000gn/T//cc0Lm4V5.o
 .debug_info    0x0000075d      0x129 /var/folders/m_/xsbbxtv50nzck1gkgq3yl0sm0000gn/T//ccHu2qpQ.o
 .debug_info    0x00000886      0x759 /var/folders/m_/xsbbxtv50nzck1gkgq3yl0sm0000gn/T//cc88sW84.o

.debug_abbrev   0x00000000      0x5fe
 .debug_abbrev  0x00000000      0x2c2 /var/folders/m_/xsbbxtv50nzck1gkgq3yl0sm0000gn/T//cc0Lm4V5.o
 .debug_abbrev  0x000002c2       0xcd /var/folders/m_/xsbbxtv50nzck1gkgq3yl0sm0000gn/T//ccHu2qpQ.o
 .debug_abbrev  0x0000038f      0x26f /var/folders/m_/xsbbxtv50nzck1gkgq3yl0sm0000gn/T//cc88sW84.o

.debug_loclists
                0x00000000      0x4a2
 .debug_loclists
                0x00000000      0x1fb /var/folders/m_/xsbbxtv50nzck1gkgq3yl0sm0000gn/T//cc0Lm4V5.o
 .debug_loclists
                0x000001fb       0x78 /var/folders/m_/xsbbxtv50nzck1gkgq3yl0sm0000gn/T//ccHu2qpQ.o
 .debug_loclists
                0x00000273      0x22f /var/folders/m_/xsbbxtv50nzck1gkgq3yl0sm0000gn/T//cc88sW84.o

.debug_aranges  0x00000000       0xe8
 .debug_aranges
                0x00000000       0x38 /var/folders/m_/xsbbxtv50nzck1gkgq3yl0sm0000gn/T//cc0Lm4V5.o
 .debug_aranges
                0x00000038       0x20 /var/folders/m_/xsbbxtv50nzck1gkgq3yl0sm0000gn/T//ccHu2qpQ.o
 .debug_aranges
                0x00000058       0x90 /var/folders/m_/xsbbxtv50nzck1gkgq3yl0sm0000gn/T//cc88sW84.o

.debug_rnglists
                0x00000000      0x11e
 .debug_rnglists
                0x00000000       0x74 /var/folders/m_/xsbbxtv50nzck1gkgq3yl0sm0000gn/T//cc0Lm4V5.o
 .debug_rnglists
                0x00000074       0x2b /var/folders/m_/xsbbxtv50nzck1gkgq3yl0sm0000gn/T//ccHu2qpQ.o
 .debug_rnglists
                0x0000009f       0x7f /var/folders/m_/xsbbxtv50nzck1gkgq3yl0sm0000gn/T//cc88sW84.o

.debug_macro    0x00000000     0x2c83
 .debug_macro   0x00000000      0x256 /var/folders/m_/xsbbxtv50nzck1gkgq3yl0sm0000gn/T//cc0Lm4V5.o
 .debug_macro   0x00000256      0xacc /var/folders/m_/xsbbxtv50nzck1gkgq3yl0sm0000gn/T//cc0Lm4V5.o
 .debug_macro   0x00000d22       0x22 /var/folders/m_/xsbbxtv50nzck1gkgq3yl0sm0000gn/T//cc0Lm4V5.o
 .debug_macro   0x00000d44       0x5b /var/folders/m_/xsbbxtv50nzck1gkgq3yl0sm0000gn/T//cc0Lm4V5.o
 .debug_macro   0x00000d9f       0x2a /var/folders/m_/xsbbxtv50nzck1gkgq3yl0sm0000gn/T//cc0Lm4V5.o
 .debug_macro   0x00000dc9       0x94 /var/folders/m_/xsbbxtv50nzck1gkgq3yl0sm0000gn/T//cc0Lm4V5.o
 .debug_macro   0x00000e5d       0x43 /var/folders/m_/xsbbxtv50nzck1gkgq3yl0sm0000gn/T//cc0Lm4V5.o
 .debug_macro   0x00000ea0      0x103 /var/folders/m_/xsbbxtv50nzck1gkgq3yl0sm0000gn/T//cc0Lm4V5.o
 .debug_macro   0x00000fa3       0x3a /var/folders/m_/xsbbxtv50nzck1gkgq3yl0sm0000gn/T//cc0Lm4V5.o
 .debug_macro   0x00000fdd       0x57 /var/folders/m_/xsbbxtv50nzck1gkgq3yl0sm0000gn/T//cc0Lm4V5.o
 .debug_macro   0x00001034       0x6a /var/folders/m_/xsbbxtv50nzck1gkgq3yl0sm0000gn/T//cc0Lm4V5.o
 .debug_macro   0x0000109e      0x1df /var/folders/m_/xsbbxtv50nzck1gkgq3yl0sm0000gn/T//cc0Lm4V5.o
 .debug_macro   0x0000127d       0x89 /var/folders/m_/xsbbxtv50nzck1gkgq3yl0sm0000gn/T//cc0Lm4V5.o
 .debug_macro   0x00001306      0x460 /var/folders/m_/xsbbxtv50nzck1gkgq3yl0sm0000gn/T//cc0Lm4V5.o
 .debug_macro   0x00001766       0x22 /var/folders/m_/xsbbxtv50nzck1gkgq3yl0sm0000gn/T//cc0Lm4V5.o
 .debug_macro   0x00001788       0x1c /var/folders/m_/xsbbxtv50nzck1gkgq3yl0sm0000gn/T//cc0Lm4V5.o
 .debug_macro   0x000017a4       0x9e /var/folders/m_/xsbbxtv50nzck1gkgq3yl0sm0000gn/T//cc0Lm4V5.o
 .debug_macro   0x00001842      0x370 /var/folders/m_/xsbbxtv50nzck1gkgq3yl0sm0000gn/T//cc0Lm4V5.o
 .debug_macro   0x00001bb2       0x9b /var/folders/m_/xsbbxtv50nzck1gkgq3yl0sm0000gn/T//cc0Lm4V5.o
 .debug_macro   0x00001c4d       0x10 /var/folders/m_/xsbbxtv50nzck1gkgq3yl0sm0000gn/T//cc0Lm4V5.o
 .debug_macro   0x00001c5d       0x16 /var/folders/m_/xsbbxtv50nzck1gkgq3yl0sm0000gn/T//cc0Lm4V5.o
 .debug_macro   0x00001c73       0x4a /var/folders/m_/xsbbxtv50nzck1gkgq3yl0sm0000gn/T//cc0Lm4V5.o
 .debug_macro   0x00001cbd       0x34 /var/folders/m_/xsbbxtv50nzck1gkgq3yl0sm0000gn/T//cc0Lm4V5.o
 .debug_macro   0x00001cf1       0x10 /var/folders/m_/xsbbxtv50nzck1gkgq3yl0sm0000gn/T//cc0Lm4V5.o
 .debug_macro   0x00001d01       0x58 /var/folders/m_/xsbbxtv50nzck1gkgq3yl0sm0000gn/T//cc0Lm4V5.o
 .debug_macro   0x00001d59       0x8e /var/folders/m_/xsbbxtv50nzck1gkgq3yl0sm0000gn/T//cc0Lm4V5.o
 .debug_macro   0x00001de7       0x1c /var/folders/m_/xsbbxtv50nzck1gkgq3yl0sm0000gn/T//cc0Lm4V5.o
 .debug_macro   0x00001e03      0x185 /var/folders/m_/xsbbxtv50nzck1gkgq3yl0sm0000gn/T//cc0Lm4V5.o
 .debug_macro   0x00001f88       0x16 /var/folders/m_/xsbbxtv50nzck1gkgq3yl0sm0000gn/T//cc0Lm4V5.o
 .debug_macro   0x00001f9e       0x16 /var/folders/m_/xsbbxtv50nzck1gkgq3yl0sm0000gn/T//cc0Lm4V5.o
 .debug_macro   0x00001fb4      0x146 /var/folders/m_/xsbbxtv50nzck1gkgq3yl0sm0000gn/T//cc0Lm4V5.o
 .debug_macro   0x000020fa       0x16 /var/folders/m_/xsbbxtv50nzck1gkgq3yl0sm0000gn/T//cc0Lm4V5.o
 .debug_macro   0x00002110       0x3c /var/folders/m_/xsbbxtv50nzck1gkgq3yl0sm0000gn/T//cc0Lm4V5.o
 .debug_macro   0x0000214c       0x16 /var/folders/m_/xsbbxtv50nzck1gkgq3yl0sm0000gn/T//cc0Lm4V5.o
 .debug_macro   0x00002162       0x29 /var/folders/m_/xsbbxtv50nzck1gkgq3yl0sm0000gn/T//cc0Lm4V5.o
 .debug_macro   0x0000218b       0x16 /var/folders/m_/xsbbxtv50nzck1gkgq3yl0sm0000gn/T//cc0Lm4V5.o
 .debug_macro   0x000021a1       0x10 /var/folders/m_/xsbbxtv50nzck1gkgq3yl0sm0000gn/T//cc0Lm4V5.o
 .debug_macro   0x000021b1       0x10 /var/folders/m_/xsbbxtv50nzck1gkgq3yl0sm0000gn/T//cc0Lm4V5.o
 .debug_macro   0x000021c1       0x10 /var/folders/m_/xsbbxtv50nzck1gkgq3yl0sm0000gn/T//cc0Lm4V5.o
 .debug_macro   0x000021d1       0x1c /var/folders/m_/xsbbxtv50nzck1gkgq3yl0sm0000gn/T//cc0Lm4V5.o
 .debug_macro   0x000021ed       0x52 /var/folders/m_/xsbbxtv50nzck1gkgq3yl0sm0000gn/T//cc0Lm4V5.o
 .debug_macro   0x0000223f       0x22 /var/folders/m_/xsbbxtv50nzck1gkgq3yl0sm0000gn/T//cc0Lm4V5.o
 .debug_macro   0x00002261       0x10 /var/folders/m_/xsbbxtv50nzck1gkgq3yl0sm0000gn/T//cc0Lm4V5.o
 .debug_macro   0x00002271       0x52 /var/folders/m_/xsbbxtv50nzck1gkgq3yl0sm0000gn/T//cc0Lm4V5.o
 .debug_macro   0x000022c3       0xc1 /var/folders/m_/xsbbxtv50nzck1gkgq3yl0sm0000gn/T//cc0Lm4V5.o
 .debug_macro   0x00002384       0x1c /var/folders/m_/xsbbxtv50nzck1gkgq3yl0sm0000gn/T//cc0Lm4V5.o
 .debug_macro   0x000023a0       0x3d /var/folders/m_/xsbbxtv50nzck1gkgq3yl0sm0000gn/T//cc0Lm4V5.o
 .debug_macro   0x000023dd       0x35 /var/folders/m_/xsbbxtv50nzck1gkgq3yl0sm0000gn/T//cc0Lm4V5.o
 .debug_macro   0x00002412      0x12c /var/folders/m_/xsbbxtv50nzck1gkgq3yl0sm0000gn/T//cc0Lm4V5.o
 .debug_macro   0x0000253e       0x46 /var/folders/m_/xsbbxtv50nzck1gkgq3yl0sm0000gn/T//cc0Lm4V5.o
 .debug_macro   0x00002584       0x11 /var/folders/m_/xsbbxtv50nzck1gkgq3yl0sm0000gn/T//ccHu2qpQ.o
 .debug_macro   0x00002595      0x256 /var/folders/m_/xsbbxtv50nzck1gkgq3yl0sm0000gn/T//cc88sW84.o
 .debug_macro   0x000027eb       0x34 /var/folders/m_/xsbbxtv50nzck1gkgq3yl0sm0000gn/T//cc88sW84.o
 .debug_macro   0x0000281f      0x190 /var/folders/m_/xsbbxtv50nzck1gkgq3yl0sm0000gn/T//cc88sW84.o
 .debug_macro   0x000029af       0x10 /var/folders/m_/xsbbxtv50nzck1gkgq3yl0sm0000gn/T//cc88sW84.o
 .debug_macro   0x000029bf       0xcf /var/folders/m_/xsbbxtv50nzck1gkgq3yl0sm0000gn/T//cc88sW84.o
 .debug_macro   0x00002a8e      0x1e5 /var/folders/m_/xsbbxtv50nzck1gkgq3yl0sm0000gn/T//cc88sW84.o
 .debug_macro   0x00002c73       0x10 /var/folders/m_/xsbbxtv50nzck1gkgq3yl0sm0000gn/T//cc88sW84.o

.debug_line     0x00000000      0xd00
 .debug_line    0x00000000      0x612 /var/folders/m_/xsbbxtv50nzck1gkgq3yl0sm0000gn/T//cc0Lm4V5.o
 .debug_line    0x00000612       0xb4 /var/folders/m_/xsbbxtv50nzck1gkgq3yl0sm0000gn/T//ccHu2qpQ.o
 .debug_line    0x000006c6      0x63a /var/folders/m_/xsbbxtv50nzck1gkgq3yl0sm0000gn/T//cc88sW84.o

.debug_str      0x00000000     0x9bd0
 .debug_str     0x00000000     0x9bd0 /var/folders/m_/xsbbxtv50nzck1gkgq3yl0sm0000gn/T//cc0Lm4V5.o
                               0x9c29 (size before relaxing)
 .debug_str     0x00009bd0     0x2e7d /var/folders/m_/xsbbxtv50nzck1gkgq3yl0sm0000gn/T//ccHu2qpQ.o
 .debug_str     0x00009bd0     0x9c15 /var/folders/m_/xsbbxtv50nzck1gkgq3yl0sm0000gn/T//cc88sW84.o

.comment        0x00000000       0x45
 .comment       0x00000000       0x45 /var/folders/m_/xsbbxtv50nzck1gkgq3yl0sm0000gn/T//cc0Lm4V5.o
                                 0x46 (size before relaxing)
 .comment       0x00000045       0x46 /var/folders/m_/xsbbxtv50nzck1gkgq3yl0sm0000gn/T//ccHu2qpQ.o
 .comment       0x00000045       0x46 /var/folders/m_/xsbbxtv50nzck1gkgq3yl0sm0000gn/T//cc88sW84.o

.ARM.attributes
                0x00000000       0x32
 .ARM.attributes
                0x00000000       0x34 /var/folders/m_/xsbbxtv50nzck1gkgq3yl0sm0000gn/T//cc0Lm4V5.o
 .ARM.attributes
                0x00000034       0x34 /var/folders/m_/xsbbxtv50nzck1gkgq3yl0sm0000gn/T//ccHu2qpQ.o
 .ARM.attributes
                0x00000068       0x34 /var/folders/m_/xsbbxtv50nzck1gkgq3yl0sm0000gn/T//cc88sW84.o
 .ARM.attributes
                0x0000009c       0x34 /Applications/ArmGNUToolchain/13.3.rel1/arm-none-eabi/bin/../lib/gcc/arm-none-eabi/13.3.1/../../../../arm-none-eabi/lib/thumb/v7e-m+fp/hard/libc_nano.a(libc_a-printf.o)
 .ARM.attributes
                0x000000d0       0x34 /Applications/ArmGNUToolchain/13.3.rel1/arm-none-eabi/bin/../lib/gcc/arm-none-eabi/13.3.1/../../../../arm-none-eabi/lib/thumb/v7e-m+fp/hard/libc_nano.a(libc_a-impure.o)
 .ARM.attributes
                0x00000104       0x34 /Applications/ArmGNUToolchain/13.3.rel1/arm-none-eabi/bin/../lib/gcc/arm-none-eabi/13.3.1/../../../../arm-none-eabi/lib/thumb/v7e-m+fp/hard/libc_nano.a(libc_a-nano-vfprintf.o)
 .ARM.attributes
                0x00000138       0x34 /Applications/ArmGNUToolchain/13.3.rel1/arm-none-eabi/bin/../lib/gcc/arm-none-eabi/13.3.1/../../../../arm-none-eabi/lib/thumb/v7e-m+fp/hard/libc_nano.a(libc_a-nano-vfprintf_i.o)
 .ARM.attributes
                0x0000016c       0x34 /Applications/ArmGNUToolchain/13.3.rel1/arm-none-eabi/bin/../lib/gcc/arm-none-eabi/13.3.1/../../../../arm-none-eabi/lib/thumb/v7e-m+fp/hard/libc_nano.a(libc_a-findfp.o)
 .ARM.attributes
                0x000001a0       0x34 /Applications/ArmGNUToolchain/13.3.rel1/arm-none-eabi/bin/../lib/gcc/arm-none-eabi/13.3.1/../../../../arm-none-eabi/lib/thumb/v7e-m+fp/hard/libc_nano.a(libc_a-wbuf.o)
 .ARM.attributes
                0x000001d4       0x34 /Applications/ArmGNUToolchain/13.3.rel1/arm-none-eabi/bin/../lib/gcc/arm-none-eabi/13.3.1/../../../../arm-none-eabi/lib/thumb/v7e-m+fp/hard/libc_nano.a(libc_a-wsetup.o)
 .ARM.attributes
                0x00000208       0x34 /Applications/ArmGNUToolchain/13.3.rel1/arm-none-eabi/bin/../lib/gcc/arm-none-eabi/13.3.1/../../../../arm-none-eabi/lib/thumb/v7e-m+fp/hard/libc_nano.a(libc_a-fwalk.o)
 .ARM.attributes
                0x0000023c       0x34 /Applications/ArmGNUToolchain/13.3.rel1/arm-none-eabi/bin/../lib/gcc/arm-none-eabi/13.3.1/../../../../arm-none-eabi/lib/thumb/v7e-m+fp/hard/libc_nano.a(libc_a-makebuf.o)
 .ARM.attributes
                0x00000270       0x34 /Applications/ArmGNUToolchain/13.3.rel1/arm-none-eabi/bin/../lib/gcc/arm-none-eabi/13.3.1/../../../../arm-none-eabi/lib/thumb/v7e-m+fp/hard/libc_nano.a(libc_a-memset.o)
 .ARM.attributes
                0x000002a4       0x34 /Applications/ArmGNUToolchain/13.3.rel1/arm-none-eabi/bin/../lib/gcc/arm-none-eabi/13.3.1/../../../../arm-none-eabi/lib/thumb/v7e-m+fp/hard/libc_nano.a(libc_a-isattyr.o)
 .ARM.attributes
                0x000002d8       0x34 /Applications/ArmGNUToolchain/13.3.rel1/arm-none-eabi/bin/../lib/gcc/arm-none-eabi/13.3.1/../../../../arm-none-eabi/lib/thumb/v7e-m+fp/hard/libc_nano.a(libc_a-lock.o)
 .ARM.attributes
                0x0000030c       0x34 /Applications/ArmGNUToolchain/13.3.rel1/arm-none-eabi/bin/../lib/gcc/arm-none-eabi/13.3.1/../../../../arm-none-eabi/lib/thumb/v7e-m+fp/hard/libc_nano.a(libc_a-reent.o)
 .ARM.attributes
                0x00000340       0x34 /Applications/ArmGNUToolchain/13.3.rel1/arm-none-eabi/bin/../lib/gcc/arm-none-eabi/13.3.1/../../../../arm-none-eabi/lib/thumb/v7e-m+fp/hard/libc_nano.a(libc_a-fstatr.o)
 .ARM.attributes
                0x00000374       0x1c /Applications/ArmGNUToolchain/13.3.rel1/arm-none-eabi/bin/../lib/gcc/arm-none-eabi/13.3.1/../../../../arm-none-eabi/lib/thumb/v7e-m+fp/hard/libc_nano.a(libc_a-memchr.o)
 .ARM.attributes
                0x00000390       0x34 /Applications/ArmGNUToolchain/13.3.rel1/arm-none-eabi/bin/../lib/gcc/arm-none-eabi/13.3.1/../../../../arm-none-eabi/lib/thumb/v7e-m+fp/hard/libc_nano.a(libc_a-freer.o)
 .ARM.attributes
                0x000003c4       0x34 /Applications/ArmGNUToolchain/13.3.rel1/arm-none-eabi/bin/../lib/gcc/arm-none-eabi/13.3.1/../../../../arm-none-eabi/lib/thumb/v7e-m+fp/hard/libc_nano.a(libc_a-mallocr.o)
 .ARM.attributes
                0x000003f8       0x34 /Applications/ArmGNUToolchain/13.3.rel1/arm-none-eabi/bin/../lib/gcc/arm-none-eabi/13.3.1/../../../../arm-none-eabi/lib/thumb/v7e-m+fp/hard/libc_nano.a(libc_a-fflush.o)
 .ARM.attributes
                0x0000042c       0x34 /Applications/ArmGNUToolchain/13.3.rel1/arm-none-eabi/bin/../lib/gcc/arm-none-eabi/13.3.1/../../../../arm-none-eabi/lib/thumb/v7e-m+fp/hard/libc_nano.a(libc_a-mlock.o)
 .ARM.attributes
                0x00000460       0x34 /Applications/ArmGNUToolchain/13.3.rel1/arm-none-eabi/bin/../lib/gcc/arm-none-eabi/13.3.1/../../../../arm-none-eabi/lib/thumb/v7e-m+fp/hard/libc_nano.a(libc_a-stdio.o)
 .ARM.attributes
                0x00000494       0x34 /Applications/ArmGNUToolchain/13.3.rel1/arm-none-eabi/bin/../lib/gcc/arm-none-eabi/13.3.1/../../../../arm-none-eabi/lib/thumb/v7e-m+fp/hard/libc_nano.a(libc_a-lseekr.o)
 .ARM.attributes
                0x000004c8       0x34 /Applications/ArmGNUToolchain/13.3.rel1/arm-none-eabi/bin/../lib/gcc/arm-none-eabi/13.3.1/../../../../arm-none-eabi/lib/thumb/v7e-m+fp/hard/libc_nano.a(libc_a-readr.o)
 .ARM.attributes
                0x000004fc       0x34 /Applications/ArmGNUToolchain/13.3.rel1/arm-none-eabi/bin/../lib/gcc/arm-none-eabi/13.3.1/../../../../arm-none-eabi/lib/thumb/v7e-m+fp/hard/libc_nano.a(libc_a-sbrkr.o)
 .ARM.attributes
                0x00000530       0x34 /Applications/ArmGNUToolchain/13.3.rel1/arm-none-eabi/bin/../lib/gcc/arm-none-eabi/13.3.1/../../../../arm-none-eabi/lib/thumb/v7e-m+fp/hard/libc_nano.a(libc_a-writer.o)
 .ARM.attributes
                0x00000564       0x34 /Applications/ArmGNUToolchain/13.3.rel1/arm-none-eabi/bin/../lib/gcc/arm-none-eabi/13.3.1/../../../../arm-none-eabi/lib/thumb/v7e-m+fp/hard/libc_nano.a(libc_a-closer.o)

.debug_frame    0x00000000      0x918
 .debug_frame   0x00000000       0x68 /var/folders/m_/xsbbxtv50nzck1gkgq3yl0sm0000gn/T//cc0Lm4V5.o
 .debug_frame   0x00000068       0x20 /var/folders/m_/xsbbxtv50nzck1gkgq3yl0sm0000gn/T//ccHu2qpQ.o
 .debug_frame   0x00000088      0x108 /var/folders/m_/xsbbxtv50nzck1gkgq3yl0sm0000gn/T//cc88sW84.o
 .debug_frame   0x00000190       0x6c /Applications/ArmGNUToolchain/13.3.rel1/arm-none-eabi/bin/../lib/gcc/arm-none-eabi/13.3.1/../../../../arm-none-eabi/lib/thumb/v7e-m+fp/hard/libc_nano.a(libc_a-printf.o)
 .debug_frame   0x000001fc       0xa8 /Applications/ArmGNUToolchain/13.3.rel1/arm-none-eabi/bin/../lib/gcc/arm-none-eabi/13.3.1/../../../../arm-none-eabi/lib/thumb/v7e-m+fp/hard/libc_nano.a(libc_a-nano-vfprintf.o)
 .debug_frame   0x000002a4       0x60 /Applications/ArmGNUToolchain/13.3.rel1/arm-none-eabi/bin/../lib/gcc/arm-none-eabi/13.3.1/../../../../arm-none-eabi/lib/thumb/v7e-m+fp/hard/libc_nano.a(libc_a-nano-vfprintf_i.o)
 .debug_frame   0x00000304      0x144 /Applications/ArmGNUToolchain/13.3.rel1/arm-none-eabi/bin/../lib/gcc/arm-none-eabi/13.3.1/../../../../arm-none-eabi/lib/thumb/v7e-m+fp/hard/libc_nano.a(libc_a-findfp.o)
 .debug_frame   0x00000448       0x40 /Applications/ArmGNUToolchain/13.3.rel1/arm-none-eabi/bin/../lib/gcc/arm-none-eabi/13.3.1/../../../../arm-none-eabi/lib/thumb/v7e-m+fp/hard/libc_nano.a(libc_a-wbuf.o)
 .debug_frame   0x00000488       0x2c /Applications/ArmGNUToolchain/13.3.rel1/arm-none-eabi/bin/../lib/gcc/arm-none-eabi/13.3.1/../../../../arm-none-eabi/lib/thumb/v7e-m+fp/hard/libc_nano.a(libc_a-wsetup.o)
 .debug_frame   0x000004b4       0x34 /Applications/ArmGNUToolchain/13.3.rel1/arm-none-eabi/bin/../lib/gcc/arm-none-eabi/13.3.1/../../../../arm-none-eabi/lib/thumb/v7e-m+fp/hard/libc_nano.a(libc_a-fwalk.o)
 .debug_frame   0x000004e8       0x58 /Applications/ArmGNUToolchain/13.3.rel1/arm-none-eabi/bin/../lib/gcc/arm-none-eabi/13.3.1/../../../../arm-none-eabi/lib/thumb/v7e-m+fp/hard/libc_nano.a(libc_a-makebuf.o)
 .debug_frame   0x00000540       0x20 /Applications/ArmGNUToolchain/13.3.rel1/arm-none-eabi/bin/../lib/gcc/arm-none-eabi/13.3.1/../../../../arm-none-eabi/lib/thumb/v7e-m+fp/hard/libc_nano.a(libc_a-memset.o)
 .debug_frame   0x00000560       0x2c /Applications/ArmGNUToolchain/13.3.rel1/arm-none-eabi/bin/../lib/gcc/arm-none-eabi/13.3.1/../../../../arm-none-eabi/lib/thumb/v7e-m+fp/hard/libc_nano.a(libc_a-isattyr.o)
 .debug_frame   0x0000058c       0xb0 /Applications/ArmGNUToolchain/13.3.rel1/arm-none-eabi/bin/../lib/gcc/arm-none-eabi/13.3.1/../../../../arm-none-eabi/lib/thumb/v7e-m+fp/hard/libc_nano.a(libc_a-lock.o)
 .debug_frame   0x0000063c       0x38 /Applications/ArmGNUToolchain/13.3.rel1/arm-none-eabi/bin/../lib/gcc/arm-none-eabi/13.3.1/../../../../arm-none-eabi/lib/thumb/v7e-m+fp/hard/libc_nano.a(libc_a-reent.o)
 .debug_frame   0x00000674       0x2c /Applications/ArmGNUToolchain/13.3.rel1/arm-none-eabi/bin/../lib/gcc/arm-none-eabi/13.3.1/../../../../arm-none-eabi/lib/thumb/v7e-m+fp/hard/libc_nano.a(libc_a-fstatr.o)
 .debug_frame   0x000006a0       0x38 /Applications/ArmGNUToolchain/13.3.rel1/arm-none-eabi/bin/../lib/gcc/arm-none-eabi/13.3.1/../../../../arm-none-eabi/lib/thumb/v7e-m+fp/hard/libc_nano.a(libc_a-freer.o)
 .debug_frame   0x000006d8       0x50 /Applications/ArmGNUToolchain/13.3.rel1/arm-none-eabi/bin/../lib/gcc/arm-none-eabi/13.3.1/../../../../arm-none-eabi/lib/thumb/v7e-m+fp/hard/libc_nano.a(libc_a-mallocr.o)
 .debug_frame   0x00000728       0x5c /Applications/ArmGNUToolchain/13.3.rel1/arm-none-eabi/bin/../lib/gcc/arm-none-eabi/13.3.1/../../../../arm-none-eabi/lib/thumb/v7e-m+fp/hard/libc_nano.a(libc_a-fflush.o)
 .debug_frame   0x00000784       0x30 /Applications/ArmGNUToolchain/13.3.rel1/arm-none-eabi/bin/../lib/gcc/arm-none-eabi/13.3.1/../../../../arm-none-eabi/lib/thumb/v7e-m+fp/hard/libc_nano.a(libc_a-mlock.o)
 .debug_frame   0x000007b4       0x88 /Applications/ArmGNUToolchain/13.3.rel1/arm-none-eabi/bin/../lib/gcc/arm-none-eabi/13.3.1/../../../../arm-none-eabi/lib/thumb/v7e-m+fp/hard/libc_nano.a(libc_a-stdio.o)
 .debug_frame   0x0000083c       0x2c /Applications/ArmGNUToolchain/13.3.rel1/arm-none-eabi/bin/../lib/gcc/arm-none-eabi/13.3.1/../../../../arm-none-eabi/lib/thumb/v7e-m+fp/hard/libc_nano.a(libc_a-lseekr.o)
 .debug_frame   0x00000868       0x2c /Applications/ArmGNUToolchain/13.3.rel1/arm-none-eabi/bin/../lib/gcc/arm-none-eabi/13.3.1/../../../../arm-none-eabi/lib/thumb/v7e-m+fp/hard/libc_nano.a(libc_a-readr.o)
 .debug_frame   0x00000894       0x2c /Applications/ArmGNUToolchain/13.3.rel1/arm-none-eabi/bin/../lib/gcc/arm-none-eabi/13.3.1/../../../../arm-none-eabi/lib/thumb/v7e-m+fp/hard/libc_nano.a(libc_a-sbrkr.o)
 .debug_frame   0x000008c0       0x2c /Applications/ArmGNUToolchain/13.3.rel1/arm-none-eabi/bin/../lib/gcc/arm-none-eabi/13.3.1/../../../../arm-none-eabi/lib/thumb/v7e-m+fp/hard/libc_nano.a(libc_a-writer.o)
 .debug_frame   0x000008ec       0x2c /Applications/ArmGNUToolchain/13.3.rel1/arm-none-eabi/bin/../lib/gcc/arm-none-eabi/13.3.1/../../../../arm-none-eabi/lib/thumb/v7e-m+fp/hard/libc_nano.a(libc_a-closer.o)

.debug_line_str
                0x00000000       0xea
 .debug_line_str
                0x00000000       0xea /Applications/ArmGNUToolchain/13.3.rel1/arm-none-eabi/bin/../lib/gcc/arm-none-eabi/13.3.1/../../../../arm-none-eabi/lib/thumb/v7e-m+fp/hard/libc_nano.a(libc_a-memchr.o)
